Archive member included to satisfy reference by file (symbol)

/home/flooki/st/stm32cubeide_1.10.1/plugins/com.st.stm32cube.ide.mcu.externaltools.gnu-tools-for-stm32.10.3-2021.10.linux64_1.0.0.202111181127/tools/bin/../lib/gcc/arm-none-eabi/10.3.1/../../../../arm-none-eabi/lib/thumb/v7e-m+fp/hard/libstdc++_nano.a(pure.o)
                              ./Core/Src/my_main.o (__cxa_pure_virtual)
/home/flooki/st/stm32cubeide_1.10.1/plugins/com.st.stm32cube.ide.mcu.externaltools.gnu-tools-for-stm32.10.3-2021.10.linux64_1.0.0.202111181127/tools/bin/../lib/gcc/arm-none-eabi/10.3.1/../../../../arm-none-eabi/lib/thumb/v7e-m+fp/hard/libstdc++_nano.a(eh_terminate.o)
                              /home/flooki/st/stm32cubeide_1.10.1/plugins/com.st.stm32cube.ide.mcu.externaltools.gnu-tools-for-stm32.10.3-2021.10.linux64_1.0.0.202111181127/tools/bin/../lib/gcc/arm-none-eabi/10.3.1/../../../../arm-none-eabi/lib/thumb/v7e-m+fp/hard/libstdc++_nano.a(pure.o) (std::terminate())
/home/flooki/st/stm32cubeide_1.10.1/plugins/com.st.stm32cube.ide.mcu.externaltools.gnu-tools-for-stm32.10.3-2021.10.linux64_1.0.0.202111181127/tools/bin/../lib/gcc/arm-none-eabi/10.3.1/../../../../arm-none-eabi/lib/thumb/v7e-m+fp/hard/libstdc++_nano.a(eh_unex_handler.o)
                              /home/flooki/st/stm32cubeide_1.10.1/plugins/com.st.stm32cube.ide.mcu.externaltools.gnu-tools-for-stm32.10.3-2021.10.linux64_1.0.0.202111181127/tools/bin/../lib/gcc/arm-none-eabi/10.3.1/../../../../arm-none-eabi/lib/thumb/v7e-m+fp/hard/libstdc++_nano.a(eh_terminate.o) (__cxxabiv1::__unexpected_handler)
/home/flooki/st/stm32cubeide_1.10.1/plugins/com.st.stm32cube.ide.mcu.externaltools.gnu-tools-for-stm32.10.3-2021.10.linux64_1.0.0.202111181127/tools/bin/../lib/gcc/arm-none-eabi/10.3.1/../../../../arm-none-eabi/lib/thumb/v7e-m+fp/hard/libstdc++_nano.a(eh_term_handler.o)
                              /home/flooki/st/stm32cubeide_1.10.1/plugins/com.st.stm32cube.ide.mcu.externaltools.gnu-tools-for-stm32.10.3-2021.10.linux64_1.0.0.202111181127/tools/bin/../lib/gcc/arm-none-eabi/10.3.1/../../../../arm-none-eabi/lib/thumb/v7e-m+fp/hard/libstdc++_nano.a(eh_terminate.o) (__cxxabiv1::__terminate_handler)
/home/flooki/st/stm32cubeide_1.10.1/plugins/com.st.stm32cube.ide.mcu.externaltools.gnu-tools-for-stm32.10.3-2021.10.linux64_1.0.0.202111181127/tools/bin/../lib/gcc/arm-none-eabi/10.3.1/../../../../arm-none-eabi/lib/thumb/v7e-m+fp/hard/libc_nano.a(lib_a-abort.o)
                              /home/flooki/st/stm32cubeide_1.10.1/plugins/com.st.stm32cube.ide.mcu.externaltools.gnu-tools-for-stm32.10.3-2021.10.linux64_1.0.0.202111181127/tools/bin/../lib/gcc/arm-none-eabi/10.3.1/../../../../arm-none-eabi/lib/thumb/v7e-m+fp/hard/libstdc++_nano.a(eh_terminate.o) (abort)
/home/flooki/st/stm32cubeide_1.10.1/plugins/com.st.stm32cube.ide.mcu.externaltools.gnu-tools-for-stm32.10.3-2021.10.linux64_1.0.0.202111181127/tools/bin/../lib/gcc/arm-none-eabi/10.3.1/../../../../arm-none-eabi/lib/thumb/v7e-m+fp/hard/libc_nano.a(lib_a-errno.o)
                              ./Core/Src/syscalls.o (__errno)
/home/flooki/st/stm32cubeide_1.10.1/plugins/com.st.stm32cube.ide.mcu.externaltools.gnu-tools-for-stm32.10.3-2021.10.linux64_1.0.0.202111181127/tools/bin/../lib/gcc/arm-none-eabi/10.3.1/../../../../arm-none-eabi/lib/thumb/v7e-m+fp/hard/libc_nano.a(lib_a-exit.o)
                              /home/flooki/st/stm32cubeide_1.10.1/plugins/com.st.stm32cube.ide.mcu.externaltools.gnu-tools-for-stm32.10.3-2021.10.linux64_1.0.0.202111181127/tools/bin/../lib/gcc/arm-none-eabi/10.3.1/../../../../arm-none-eabi/lib/thumb/v7e-m+fp/hard/crt0.o (exit)
/home/flooki/st/stm32cubeide_1.10.1/plugins/com.st.stm32cube.ide.mcu.externaltools.gnu-tools-for-stm32.10.3-2021.10.linux64_1.0.0.202111181127/tools/bin/../lib/gcc/arm-none-eabi/10.3.1/../../../../arm-none-eabi/lib/thumb/v7e-m+fp/hard/libc_nano.a(lib_a-impure.o)
                              /home/flooki/st/stm32cubeide_1.10.1/plugins/com.st.stm32cube.ide.mcu.externaltools.gnu-tools-for-stm32.10.3-2021.10.linux64_1.0.0.202111181127/tools/bin/../lib/gcc/arm-none-eabi/10.3.1/../../../../arm-none-eabi/lib/thumb/v7e-m+fp/hard/libc_nano.a(lib_a-exit.o) (_global_impure_ptr)
/home/flooki/st/stm32cubeide_1.10.1/plugins/com.st.stm32cube.ide.mcu.externaltools.gnu-tools-for-stm32.10.3-2021.10.linux64_1.0.0.202111181127/tools/bin/../lib/gcc/arm-none-eabi/10.3.1/../../../../arm-none-eabi/lib/thumb/v7e-m+fp/hard/libc_nano.a(lib_a-init.o)
                              /home/flooki/st/stm32cubeide_1.10.1/plugins/com.st.stm32cube.ide.mcu.externaltools.gnu-tools-for-stm32.10.3-2021.10.linux64_1.0.0.202111181127/tools/bin/../lib/gcc/arm-none-eabi/10.3.1/../../../../arm-none-eabi/lib/thumb/v7e-m+fp/hard/crt0.o (__libc_init_array)
[...]
Memory Configuration

Name             Origin             Length             Attributes
RAM              0x0000000020000000 0x0000000000008000 xrw
FLASH            0x0000000008000000 0x0000000000020000 xr
*default*        0x0000000000000000 0xffffffffffffffff

Linker script and memory map

LOAD /home/flooki/st/stm32cubeide_1.10.1/plugins/com.st.stm32cube.ide.mcu.externaltools.gnu-tools-for-stm32.10.3-2021.10.linux64_1.0.0.202111181127/tools/bin/../lib/gcc/arm-none-eabi/10.3.1/thumb/v7e-m+fp/hard/crti.o
LOAD /home/flooki/st/stm32cubeide_1.10.1/plugins/com.st.stm32cube.ide.mcu.externaltools.gnu-tools-for-stm32.10.3-2021.10.linux64_1.0.0.202111181127/tools/bin/../lib/gcc/arm-none-eabi/10.3.1/thumb/v7e-m+fp/hard/crtbegin.o
LOAD /home/flooki/st/stm32cubeide_1.10.1/plugins/com.st.stm32cube.ide.mcu.externaltools.gnu-tools-for-stm32.10.3-2021.10.linux64_1.0.0.202111181127/tools/bin/../lib/gcc/arm-none-eabi/10.3.1/../../../../arm-none-eabi/lib/thumb/v7e-m+fp/hard/crt0.o
LOAD ./Core/Src/main.o
LOAD ./Core/Src/my_main.o
LOAD ./Core/Src/ringbuffer.o
LOAD ./Core/Src/stm32f4xx_hal_msp.o
LOAD ./Core/Src/stm32f4xx_it.o
LOAD ./Core/Src/syscalls.o
LOAD ./Core/Src/sysmem.o
LOAD ./Core/Src/system_stm32f4xx.o
LOAD ./Core/Startup/startup_stm32f410rbtx.o
LOAD ./Drivers/STM32F4xx_HAL_Driver/Src/stm32f4xx_hal.o
LOAD ./Drivers/STM32F4xx_HAL_Driver/Src/stm32f4xx_hal_cortex.o
LOAD ./Drivers/STM32F4xx_HAL_Driver/Src/stm32f4xx_hal_dma.o
LOAD ./Drivers/STM32F4xx_HAL_Driver/Src/stm32f4xx_hal_dma_ex.o
LOAD ./Drivers/STM32F4xx_HAL_Driver/Src/stm32f4xx_hal_exti.o
LOAD ./Drivers/STM32F4xx_HAL_Driver/Src/stm32f4xx_hal_flash.o
LOAD ./Drivers/STM32F4xx_HAL_Driver/Src/stm32f4xx_hal_flash_ex.o
LOAD ./Drivers/STM32F4xx_HAL_Driver/Src/stm32f4xx_hal_flash_ramfunc.o
LOAD ./Drivers/STM32F4xx_HAL_Driver/Src/stm32f4xx_hal_gpio.o
LOAD ./Drivers/STM32F4xx_HAL_Driver/Src/stm32f4xx_hal_pwr.o
LOAD ./Drivers/STM32F4xx_HAL_Driver/Src/stm32f4xx_hal_pwr_ex.o
LOAD ./Drivers/STM32F4xx_HAL_Driver/Src/stm32f4xx_hal_rcc.o
LOAD ./Drivers/STM32F4xx_HAL_Driver/Src/stm32f4xx_hal_rcc_ex.o
LOAD ./Drivers/STM32F4xx_HAL_Driver/Src/stm32f4xx_hal_tim.o
LOAD ./Drivers/STM32F4xx_HAL_Driver/Src/stm32f4xx_hal_tim_ex.o
LOAD ./Drivers/STM32F4xx_HAL_Driver/Src/stm32f4xx_hal_uart.o
LOAD ./ros_lib/duration.o
LOAD ./ros_lib/time.o
START GROUP
LOAD /home/flooki/st/stm32cubeide_1.10.1/plugins/com.st.stm32cube.ide.mcu.externaltools.gnu-tools-for-stm32.10.3-2021.10.linux64_1.0.0.202111181127/tools/bin/../lib/gcc/arm-none-eabi/10.3.1/../../../../arm-none-eabi/lib/thumb/v7e-m+fp/hard/libstdc++_nano.a
LOAD /home/flooki/st/stm32cubeide_1.10.1/plugins/com.st.stm32cube.ide.mcu.externaltools.gnu-tools-for-stm32.10.3-2021.10.linux64_1.0.0.202111181127/tools/bin/../lib/gcc/arm-none-eabi/10.3.1/../../../../arm-none-eabi/lib/thumb/v7e-m+fp/hard/libsupc++_nano.a
END GROUP
LOAD /home/flooki/st/stm32cubeide_1.10.1/plugins/com.st.stm32cube.ide.mcu.externaltools.gnu-tools-for-stm32.10.3-2021.10.linux64_1.0.0.202111181127/tools/bin/../lib/gcc/arm-none-eabi/10.3.1/../../../../arm-none-eabi/lib/thumb/v7e-m+fp/hard/libstdc++_nano.a
LOAD /home/flooki/st/stm32cubeide_1.10.1/plugins/com.st.stm32cube.ide.mcu.externaltools.gnu-tools-for-stm32.10.3-2021.10.linux64_1.0.0.202111181127/tools/bin/../lib/gcc/arm-none-eabi/10.3.1/../../../../arm-none-eabi/lib/thumb/v7e-m+fp/hard/libm.a
LOAD /home/flooki/st/stm32cubeide_1.10.1/plugins/com.st.stm32cube.ide.mcu.externaltools.gnu-tools-for-stm32.10.3-2021.10.linux64_1.0.0.202111181127/tools/bin/../lib/gcc/arm-none-eabi/10.3.1/../../../../arm-none-eabi/lib/thumb/v7e-m+fp/hard/libc_nano.a
START GROUP
LOAD /home/flooki/st/stm32cubeide_1.10.1/plugins/com.st.stm32cube.ide.mcu.externaltools.gnu-tools-for-stm32.10.3-2021.10.linux64_1.0.0.202111181127/tools/bin/../lib/gcc/arm-none-eabi/10.3.1/thumb/v7e-m+fp/hard/libgcc.a
LOAD /home/flooki/st/stm32cubeide_1.10.1/plugins/com.st.stm32cube.ide.mcu.externaltools.gnu-tools-for-stm32.10.3-2021.10.linux64_1.0.0.202111181127/tools/bin/../lib/gcc/arm-none-eabi/10.3.1/../../../../arm-none-eabi/lib/thumb/v7e-m+fp/hard/libc_nano.a
END GROUP
START GROUP
LOAD /home/flooki/st/stm32cubeide_1.10.1/plugins/com.st.stm32cube.ide.mcu.externaltools.gnu-tools-for-stm32.10.3-2021.10.linux64_1.0.0.202111181127/tools/bin/../lib/gcc/arm-none-eabi/10.3.1/thumb/v7e-m+fp/hard/libgcc.a
LOAD /home/flooki/st/stm32cubeide_1.10.1/plugins/com.st.stm32cube.ide.mcu.externaltools.gnu-tools-for-stm32.10.3-2021.10.linux64_1.0.0.202111181127/tools/bin/../lib/gcc/arm-none-eabi/10.3.1/../../../../arm-none-eabi/lib/thumb/v7e-m+fp/hard/libc_nano.a
LOAD /home/flooki/st/stm32cubeide_1.10.1/plugins/com.st.stm32cube.ide.mcu.externaltools.gnu-tools-for-stm32.10.3-2021.10.linux64_1.0.0.202111181127/tools/bin/../lib/gcc/arm-none-eabi/10.3.1/../../../../arm-none-eabi/lib/thumb/v7e-m+fp/hard/libnosys.a
END GROUP
START GROUP
LOAD /home/flooki/st/stm32cubeide_1.10.1/plugins/com.st.stm32cube.ide.mcu.externaltools.gnu-tools-for-stm32.10.3-2021.10.linux64_1.0.0.202111181127/tools/bin/../lib/gcc/arm-none-eabi/10.3.1/thumb/v7e-m+fp/hard/libgcc.a
LOAD /home/flooki/st/stm32cubeide_1.10.1/plugins/com.st.stm32cube.ide.mcu.externaltools.gnu-tools-for-stm32.10.3-2021.10.linux64_1.0.0.202111181127/tools/bin/../lib/gcc/arm-none-eabi/10.3.1/../../../../arm-none-eabi/lib/thumb/v7e-m+fp/hard/libc_nano.a
LOAD /home/flooki/st/stm32cubeide_1.10.1/plugins/com.st.stm32cube.ide.mcu.externaltools.gnu-tools-for-stm32.10.3-2021.10.linux64_1.0.0.202111181127/tools/bin/../lib/gcc/arm-none-eabi/10.3.1/../../../../arm-none-eabi/lib/thumb/v7e-m+fp/hard/libnosys.a
END GROUP
LOAD /home/flooki/st/stm32cubeide_1.10.1/plugins/com.st.stm32cube.ide.mcu.externaltools.gnu-tools-for-stm32.10.3-2021.10.linux64_1.0.0.202111181127/tools/bin/../lib/gcc/arm-none-eabi/10.3.1/thumb/v7e-m+fp/hard/crtend.o
LOAD /home/flooki/st/stm32cubeide_1.10.1/plugins/com.st.stm32cube.ide.mcu.externaltools.gnu-tools-for-stm32.10.3-2021.10.linux64_1.0.0.202111181127/tools/bin/../lib/gcc/arm-none-eabi/10.3.1/thumb/v7e-m+fp/hard/crtn.o
                0x0000000020008000                _estack = (ORIGIN (RAM) + LENGTH (RAM))
                0x0000000000000200                _Min_Heap_Size = 0x200
                0x0000000000000400                _Min_Stack_Size = 0x400

.isr_vector     0x0000000008000000      0x1c8
                0x0000000008000000                . = ALIGN (0x4)
 *(.isr_vector)
 .isr_vector    0x0000000008000000      0x1c8 ./Core/Startup/startup_stm32f410rbtx.o
                0x0000000008000000                g_pfnVectors
                0x00000000080001c8                . = ALIGN (0x4)

.text           0x00000000080001c8     0x50e8
                0x00000000080001c8                . = ALIGN (0x4)
 *(.text)
 .text          0x00000000080001c8       0x40 /home/flooki/st/stm32cubeide_1.10.1/plugins/com.st.stm32cube.ide.mcu.externaltools.gnu-tools-for-stm32.10.3-2021.10.linux64_1.0.0.202111181127/tools/bin/../lib/gcc/arm-none-eabi/10.3.1/thumb/v7e-m+fp/hard/crtbegin.o
 .text          0x0000000008000208       0x10 /home/flooki/st/stm32cubeide_1.10.1/plugins/com.st.stm32cube.ide.mcu.externaltools.gnu-tools-for-stm32.10.3-2021.10.linux64_1.0.0.202111181127/tools/bin/../lib/gcc/arm-none-eabi/10.3.1/../../../../arm-none-eabi/lib/thumb/v7e-m+fp/hard/libc_nano.a(lib_a-strlen.o)
                0x0000000008000208                strlen
 .text          0x0000000008000218       0x30 /home/flooki/st/stm32cubeide_1.10.1/plugins/com.st.stm32cube.ide.mcu.externaltools.gnu-tools-for-stm32.10.3-2021.10.linux64_1.0.0.202111181127/tools/bin/../lib/gcc/arm-none-eabi/10.3.1/thumb/v7e-m+fp/hard/libgcc.a(_aeabi_uldivmod.o)
                0x0000000008000218                __aeabi_uldivmod
 .text          0x0000000008000248      0x2d0 /home/flooki/st/stm32cubeide_1.10.1/plugins/com.st.stm32cube.ide.mcu.externaltools.gnu-tools-for-stm32.10.3-2021.10.linux64_1.0.0.202111181127/tools/bin/../lib/gcc/arm-none-eabi/10.3.1/thumb/v7e-m+fp/hard/libgcc.a(_udivmoddi4.o)
                0x0000000008000248                __udivmoddi4
 .text          0x0000000008000518        0x4 /home/flooki/st/stm32cubeide_1.10.1/plugins/com.st.stm32cube.ide.mcu.externaltools.gnu-tools-for-stm32.10.3-2021.10.linux64_1.0.0.202111181127/tools/bin/../lib/gcc/arm-none-eabi/10.3.1/thumb/v7e-m+fp/hard/libgcc.a(_dvmd_tls.o)
                0x0000000008000518                __aeabi_ldiv0
                0x0000000008000518                __aeabi_idiv0
 *(.text*)
 .text.main     0x000000000800051c       0x22 ./Core/Src/main.o
                0x000000000800051c                main
 *fill*         0x000000000800053e        0x2 
 .text._Z18SystemClock_Configv
                0x0000000008000540       0xe8 ./Core/Src/main.o
                0x0000000008000540                SystemClock_Config()
 .text._ZL19MX_USART2_UART_Initv
                0x0000000008000628       0x5c ./Core/Src/main.o
 .text._ZL11MX_DMA_Initv
                0x0000000008000684       0x50 ./Core/Src/main.o
 .text._ZL12MX_GPIO_Initv
                0x00000000080006d4       0xdc ./Core/Src/main.o
 .text.Error_Handler
                0x00000000080007b0        0xa ./Core/Src/main.o
                0x00000000080007b0                Error_Handler
 *fill*         0x00000000080007ba        0x2 
 .text._ZN3ros3MsgC2Ev
                0x00000000080007bc       0x20 ./Core/Src/my_main.o
                0x00000000080007bc                ros::Msg::Msg()
                0x00000000080007bc                ros::Msg::Msg()
 .text._ZN14rosserial_msgs3LogC2Ev
                0x00000000080007dc       0x34 ./Core/Src/my_main.o
                0x00000000080007dc                rosserial_msgs::Log::Log()
                0x00000000080007dc                rosserial_msgs::Log::Log()
 .text._ZNK14rosserial_msgs3Log9serializeEPh
                0x0000000008000810       0x64 ./Core/Src/my_main.o
                0x0000000008000810                rosserial_msgs::Log::serialize(unsigned char*) const
 .text._ZN14rosserial_msgs3Log11deserializeEPh
                0x0000000008000874       0x90 ./Core/Src/my_main.o
                0x0000000008000874                rosserial_msgs::Log::deserialize(unsigned char*)
 .text._ZN14rosserial_msgs3Log7getTypeEv
                0x0000000008000904       0x1c ./Core/Src/my_main.o
                0x0000000008000904                rosserial_msgs::Log::getType()
 .text._ZN14rosserial_msgs3Log6getMD5Ev
                0x0000000008000920       0x1c ./Core/Src/my_main.o
                0x0000000008000920                rosserial_msgs::Log::getMD5()
 .text._ZN14rosserial_msgs20RequestParamResponseC2Ev
                0x000000000800093c       0x48 ./Core/Src/my_main.o
                0x000000000800093c                rosserial_msgs::RequestParamResponse::RequestParamResponse()
                0x000000000800093c                rosserial_msgs::RequestParamResponse::RequestParamResponse()
 .text._ZNK14rosserial_msgs20RequestParamResponse9serializeEPh
                0x0000000008000984      0x222 ./Core/Src/my_main.o
                0x0000000008000984                rosserial_msgs::RequestParamResponse::serialize(unsigned char*) const
 .text._ZN14rosserial_msgs20RequestParamResponse11deserializeEPh
                0x0000000008000ba6      0x2e2 ./Core/Src/my_main.o
                0x0000000008000ba6                rosserial_msgs::RequestParamResponse::deserialize(unsigned char*)
 .text._ZN14rosserial_msgs20RequestParamResponse7getTypeEv
                0x0000000008000e88       0x1c ./Core/Src/my_main.o
                0x0000000008000e88                rosserial_msgs::RequestParamResponse::getType()
 .text._ZN14rosserial_msgs20RequestParamResponse6getMD5Ev
                0x0000000008000ea4       0x1c ./Core/Src/my_main.o
                0x0000000008000ea4                rosserial_msgs::RequestParamResponse::getMD5()
 .text._ZN14rosserial_msgs9TopicInfoC2Ev
                0x0000000008000ec0       0x48 ./Core/Src/my_main.o
                0x0000000008000ec0                rosserial_msgs::TopicInfo::TopicInfo()
                0x0000000008000ec0                rosserial_msgs::TopicInfo::TopicInfo()
 .text._ZNK14rosserial_msgs9TopicInfo9serializeEPh
                0x0000000008000f08      0x136 ./Core/Src/my_main.o
                0x0000000008000f08                rosserial_msgs::TopicInfo::serialize(unsigned char*) const
 .text._ZN14rosserial_msgs9TopicInfo11deserializeEPh
                0x000000000800103e      0x1d0 ./Core/Src/my_main.o
                0x000000000800103e                rosserial_msgs::TopicInfo::deserialize(unsigned char*)
 *fill*         0x000000000800120e        0x2 
 .text._ZN14rosserial_msgs9TopicInfo7getTypeEv
                0x0000000008001210       0x1c ./Core/Src/my_main.o
                0x0000000008001210                rosserial_msgs::TopicInfo::getType()
 .text._ZN14rosserial_msgs9TopicInfo6getMD5Ev
                0x000000000800122c       0x1c ./Core/Src/my_main.o
                0x000000000800122c                rosserial_msgs::TopicInfo::getMD5()
 .text._ZN3ros4TimeC2Ev
                0x0000000008001248       0x22 ./Core/Src/my_main.o
                0x0000000008001248                ros::Time::Time()
                0x0000000008001248                ros::Time::Time()
 *fill*         0x000000000800126a        0x2 
 .text._ZN8std_msgs4TimeC2Ev
                0x000000000800126c       0x30 ./Core/Src/my_main.o
                0x000000000800126c                std_msgs::Time::Time()
                0x000000000800126c                std_msgs::Time::Time()
 .text._ZNK8std_msgs4Time9serializeEPh
                0x000000000800129c       0xb0 ./Core/Src/my_main.o
                0x000000000800129c                std_msgs::Time::serialize(unsigned char*) const
 .text._ZN8std_msgs4Time11deserializeEPh
                0x000000000800134c       0xc8 ./Core/Src/my_main.o
                0x000000000800134c                std_msgs::Time::deserialize(unsigned char*)
 .text._ZN8std_msgs4Time7getTypeEv
                0x0000000008001414       0x1c ./Core/Src/my_main.o
                0x0000000008001414                std_msgs::Time::getType()
 .text._ZN8std_msgs4Time6getMD5Ev
                0x0000000008001430       0x1c ./Core/Src/my_main.o
                0x0000000008001430                std_msgs::Time::getMD5()
 .text._ZN3ros9PublisherC2EPKcPNS_3MsgEi
                0x000000000800144c       0x2e ./Core/Src/my_main.o
                0x000000000800144c                ros::Publisher::Publisher(char const*, ros::Msg*, int)
                0x000000000800144c                ros::Publisher::Publisher(char const*, ros::Msg*, int)
 .text._ZN3ros9Publisher7publishEPKNS_3MsgE
                0x000000000800147a       0x28 ./Core/Src/my_main.o
                0x000000000800147a                ros::Publisher::publish(ros::Msg const*)
 .text._ZN3ros9Publisher15getEndpointTypeEv
                0x00000000080014a2       0x18 ./Core/Src/my_main.o
                0x00000000080014a2                ros::Publisher::getEndpointType()
 .text._ZN13STM32HardwareC2Ev
                0x00000000080014ba       0x16 ./Core/Src/my_main.o
                0x00000000080014ba                STM32Hardware::STM32Hardware()
                0x00000000080014ba                STM32Hardware::STM32Hardware()
 .text._ZN13STM32Hardware4initEv
                0x00000000080014d0       0x14 ./Core/Src/my_main.o
                0x00000000080014d0                STM32Hardware::init()
 .text._ZN13STM32Hardware4readEv
                0x00000000080014e4       0x58 ./Core/Src/my_main.o
                0x00000000080014e4                STM32Hardware::read()
 .text._ZN13STM32Hardware5writeEPhi
                0x000000000800153c       0x28 ./Core/Src/my_main.o
                0x000000000800153c                STM32Hardware::write(unsigned char*, int)
 .text._ZN13STM32Hardware4timeEv
                0x0000000008001564       0x16 ./Core/Src/my_main.o
                0x0000000008001564                STM32Hardware::time()
 *fill*         0x000000000800157a        0x2 
 .text._ZN8std_msgs6StringC2Ev
                0x000000000800157c       0x30 ./Core/Src/my_main.o
                0x000000000800157c                std_msgs::String::String()
                0x000000000800157c                std_msgs::String::String()
 .text._ZNK8std_msgs6String9serializeEPh
                0x00000000080015ac       0x52 ./Core/Src/my_main.o
                0x00000000080015ac                std_msgs::String::serialize(unsigned char*) const
 .text._ZN8std_msgs6String11deserializeEPh
                0x00000000080015fe       0x7e ./Core/Src/my_main.o
                0x00000000080015fe                std_msgs::String::deserialize(unsigned char*)
 .text._ZN8std_msgs6String7getTypeEv
                0x000000000800167c       0x1c ./Core/Src/my_main.o
                0x000000000800167c                std_msgs::String::getType()
 .text._ZN8std_msgs6String6getMD5Ev
                0x0000000008001698       0x1c ./Core/Src/my_main.o
                0x0000000008001698                std_msgs::String::getMD5()
 .text.USART_RX_Callback
                0x00000000080016b4       0x20 ./Core/Src/my_main.o
                0x00000000080016b4                USART_RX_Callback
 .text._Z5setupv
                0x00000000080016d4       0x48 ./Core/Src/my_main.o
                0x00000000080016d4                setup()
 .text._Z4loopv
                0x000000000800171c       0x40 ./Core/Src/my_main.o
                0x000000000800171c                loop()
 .text._ZN3ros3Msg8varToArrIPhmEEvT_T0_
                0x000000000800175c       0x3c ./Core/Src/my_main.o
                0x000000000800175c                void ros::Msg::varToArr<unsigned char*, unsigned long>(unsigned char*, unsigned long)
 .text._ZN3ros3Msg8arrToVarImPhEEvRT_T0_
                0x0000000008001798       0x4a ./Core/Src/my_main.o
                0x0000000008001798                void ros::Msg::arrToVar<unsigned long, unsigned char*>(unsigned long&, unsigned char*)
 *fill*         0x00000000080017e2        0x2 
 .text._ZN3ros15NodeHandleBase_C2Ev
                0x00000000080017e4       0x20 ./Core/Src/my_main.o
                0x00000000080017e4                ros::NodeHandleBase_::NodeHandleBase_()
                0x00000000080017e4                ros::NodeHandleBase_::NodeHandleBase_()
 .text._ZN3ros11NodeHandle_I13STM32HardwareLi25ELi25ELi512ELi512EEC2Ev
                0x0000000008001804       0xfc ./Core/Src/my_main.o
                0x0000000008001804                ros::NodeHandle_<STM32Hardware, 25, 25, 512, 512>::NodeHandle_()
                0x0000000008001804                ros::NodeHandle_<STM32Hardware, 25, 25, 512, 512>::NodeHandle_()
 .text._ZN3ros11NodeHandle_I13STM32HardwareLi25ELi25ELi512ELi512EE8initNodeEv
                0x0000000008001900       0x3a ./Core/Src/my_main.o
                0x0000000008001900                ros::NodeHandle_<STM32Hardware, 25, 25, 512, 512>::initNode()
 .text._ZN3ros11NodeHandle_I13STM32HardwareLi25ELi25ELi512ELi512EE9advertiseERNS_9PublisherE
                0x000000000800193a       0x5c ./Core/Src/my_main.o
                0x000000000800193a                ros::NodeHandle_<STM32Hardware, 25, 25, 512, 512>::advertise(ros::Publisher&)
 .text._ZN3ros11NodeHandle_I13STM32HardwareLi25ELi25ELi512ELi512EE8spinOnceEv
                0x0000000008001996      0x3a6 ./Core/Src/my_main.o
                0x0000000008001996                ros::NodeHandle_<STM32Hardware, 25, 25, 512, 512>::spinOnce()
 .text._ZN3ros11NodeHandle_I13STM32HardwareLi25ELi25ELi512ELi512EE15requestSyncTimeEv
                0x0000000008001d3c       0x3a ./Core/Src/my_main.o
                0x0000000008001d3c                ros::NodeHandle_<STM32Hardware, 25, 25, 512, 512>::requestSyncTime()
 .text._ZN3ros11NodeHandle_I13STM32HardwareLi25ELi25ELi512ELi512EE15negotiateTopicsEv
                0x0000000008001d76      0x1c0 ./Core/Src/my_main.o
                0x0000000008001d76                ros::NodeHandle_<STM32Hardware, 25, 25, 512, 512>::negotiateTopics()
 *fill*         0x0000000008001f36        0x2 
 .text._ZN3ros11NodeHandle_I13STM32HardwareLi25ELi25ELi512ELi512EE8syncTimeEPh
                0x0000000008001f38       0x94 ./Core/Src/my_main.o
                0x0000000008001f38                ros::NodeHandle_<STM32Hardware, 25, 25, 512, 512>::syncTime(unsigned char*)
 .text._ZN3ros11NodeHandle_I13STM32HardwareLi25ELi25ELi512ELi512EE7publishEiPKNS_3MsgE
                0x0000000008001fcc      0x128 ./Core/Src/my_main.o
                0x0000000008001fcc                ros::NodeHandle_<STM32Hardware, 25, 25, 512, 512>::publish(int, ros::Msg const*)
 .text._ZN3ros11NodeHandle_I13STM32HardwareLi25ELi25ELi512ELi512EE6setNowERNS_4TimeE
                0x00000000080020f4       0x7c ./Core/Src/my_main.o
                0x00000000080020f4                ros::NodeHandle_<STM32Hardware, 25, 25, 512, 512>::setNow(ros::Time&)
 .text._ZN3ros11NodeHandle_I13STM32HardwareLi25ELi25ELi512ELi512EE8logerrorEPKc
                0x0000000008002170       0x1c ./Core/Src/my_main.o
                0x0000000008002170                ros::NodeHandle_<STM32Hardware, 25, 25, 512, 512>::logerror(char const*)
 .text._ZN3ros11NodeHandle_I13STM32HardwareLi25ELi25ELi512ELi512EE3logEcPKc
                0x000000000800218c       0x38 ./Core/Src/my_main.o
                0x000000000800218c                ros::NodeHandle_<STM32Hardware, 25, 25, 512, 512>::log(char, char const*)
 .text._Z41__static_initialization_and_destruction_0ii
                0x00000000080021c4       0x4c ./Core/Src/my_main.o
 .text._ZN3ros11NodeHandle_I13STM32HardwareLi25ELi25ELi512ELi512EE9connectedEv
                0x0000000008002210       0x1a ./Core/Src/my_main.o
                0x0000000008002210                ros::NodeHandle_<STM32Hardware, 25, 25, 512, 512>::connected()
 .text._GLOBAL__sub_I_RxBuffer
                0x000000000800222a       0x10 ./Core/Src/my_main.o
 .text._Z17ringbuffer_statusP10ringbuffer
                0x000000000800223a       0x4e ./Core/Src/ringbuffer.o
                0x000000000800223a                ringbuffer_status(ringbuffer*)
 .text._Z19ringbuffer_data_lenP10ringbuffer
                0x0000000008002288       0x8a ./Core/Src/ringbuffer.o
                0x0000000008002288                ringbuffer_data_len(ringbuffer*)
 .text._Z18ringbuffer_putcharP10ringbufferh
                0x0000000008002312       0xaa ./Core/Src/ringbuffer.o
                0x0000000008002312                ringbuffer_putchar(ringbuffer*, unsigned char)
 .text._Z18ringbuffer_getcharP10ringbufferPh
                0x00000000080023bc       0xa2 ./Core/Src/ringbuffer.o
                0x00000000080023bc                ringbuffer_getchar(ringbuffer*, unsigned char*)
 .text._Z15ringbuffer_initP10ringbufferPhs
                0x000000000800245e       0x6e ./Core/Src/ringbuffer.o
                0x000000000800245e                ringbuffer_init(ringbuffer*, unsigned char*, short)
 .text.HAL_MspInit
                0x00000000080024cc       0x50 ./Core/Src/stm32f4xx_hal_msp.o
                0x00000000080024cc                HAL_MspInit
 .text.HAL_UART_MspInit
                0x000000000800251c      0x16c ./Core/Src/stm32f4xx_hal_msp.o
                0x000000000800251c                HAL_UART_MspInit
 .text.SysTick_Handler
                0x0000000008002688        0xc ./Core/Src/stm32f4xx_it.o
                0x0000000008002688                SysTick_Handler
 .text.DMA1_Stream5_IRQHandler
                0x0000000008002694       0x14 ./Core/Src/stm32f4xx_it.o
                0x0000000008002694                DMA1_Stream5_IRQHandler
 .text.DMA1_Stream6_IRQHandler
                0x00000000080026a8       0x14 ./Core/Src/stm32f4xx_it.o
                0x00000000080026a8                DMA1_Stream6_IRQHandler
 .text.USART2_IRQHandler
                0x00000000080026bc       0x18 ./Core/Src/stm32f4xx_it.o
                0x00000000080026bc                USART2_IRQHandler
 .text._getpid  0x00000000080026d4       0x10 ./Core/Src/syscalls.o
                0x00000000080026d4                _getpid
 .text._kill    0x00000000080026e4       0x20 ./Core/Src/syscalls.o
                0x00000000080026e4                _kill
 .text._exit    0x0000000008002704       0x14 ./Core/Src/syscalls.o
                0x0000000008002704                _exit
 .text._sbrk    0x0000000008002718       0x6c ./Core/Src/sysmem.o
                0x0000000008002718                _sbrk
 .text.SystemInit
                0x0000000008002784       0x24 ./Core/Src/system_stm32f4xx.o
                0x0000000008002784                SystemInit
 .text.Reset_Handler
                0x00000000080027a8       0x50 ./Core/Startup/startup_stm32f410rbtx.o
                0x00000000080027a8                Reset_Handler
 .text.Default_Handler
                0x00000000080027f8        0x2 ./Core/Startup/startup_stm32f410rbtx.o
                0x00000000080027f8                RTC_Alarm_IRQHandler
                0x00000000080027f8                EXTI2_IRQHandler
                0x00000000080027f8                DebugMon_Handler
                0x00000000080027f8                FMPI2C1_EV_IRQHandler
                0x00000000080027f8                TIM1_CC_IRQHandler
                0x00000000080027f8                DMA2_Stream5_IRQHandler
                0x00000000080027f8                HardFault_Handler
                0x00000000080027f8                PVD_IRQHandler
                0x00000000080027f8                TAMP_STAMP_IRQHandler
                0x00000000080027f8                PendSV_Handler
                0x00000000080027f8                NMI_Handler
                0x00000000080027f8                EXTI3_IRQHandler
                0x00000000080027f8                EXTI0_IRQHandler
                0x00000000080027f8                I2C2_EV_IRQHandler
                0x00000000080027f8                DMA1_Stream2_IRQHandler
                0x00000000080027f8                FPU_IRQHandler
                0x00000000080027f8                UsageFault_Handler
                0x00000000080027f8                DMA2_Stream2_IRQHandler
                0x00000000080027f8                SPI1_IRQHandler
                0x00000000080027f8                TIM6_DAC_IRQHandler
                0x00000000080027f8                TIM1_BRK_TIM9_IRQHandler
                0x00000000080027f8                DMA2_Stream3_IRQHandler
                0x00000000080027f8                USART6_IRQHandler
                0x00000000080027f8                DMA2_Stream0_IRQHandler
                0x00000000080027f8                I2C1_EV_IRQHandler
                0x00000000080027f8                DMA1_Stream1_IRQHandler
                0x00000000080027f8                RCC_IRQHandler
                0x00000000080027f8                Default_Handler
                0x00000000080027f8                EXTI15_10_IRQHandler
                0x00000000080027f8                ADC_IRQHandler
                0x00000000080027f8                DMA1_Stream7_IRQHandler
                0x00000000080027f8                SPI5_IRQHandler
                0x00000000080027f8                TIM5_IRQHandler
                0x00000000080027f8                DMA2_Stream7_IRQHandler
                0x00000000080027f8                EXTI9_5_IRQHandler
                0x00000000080027f8                RTC_WKUP_IRQHandler
                0x00000000080027f8                SPI2_IRQHandler
                0x00000000080027f8                MemManage_Handler
                0x00000000080027f8                DMA1_Stream0_IRQHandler
                0x00000000080027f8                SVC_Handler
                0x00000000080027f8                FMPI2C1_ER_IRQHandler
                0x00000000080027f8                EXTI4_IRQHandler
                0x00000000080027f8                RNG_IRQHandler
                0x00000000080027f8                TIM1_UP_IRQHandler
                0x00000000080027f8                WWDG_IRQHandler
                0x00000000080027f8                TIM1_TRG_COM_TIM11_IRQHandler
                0x00000000080027f8                EXTI1_IRQHandler
                0x00000000080027f8                I2C2_ER_IRQHandler
                0x00000000080027f8                DMA2_Stream1_IRQHandler
                0x00000000080027f8                FLASH_IRQHandler
                0x00000000080027f8                DMA2_Stream4_IRQHandler
                0x00000000080027f8                BusFault_Handler
                0x00000000080027f8                USART1_IRQHandler
                0x00000000080027f8                DMA1_Stream4_IRQHandler
                0x00000000080027f8                I2C1_ER_IRQHandler
                0x00000000080027f8                LPTIM1_IRQHandler
                0x00000000080027f8                DMA2_Stream6_IRQHandler
                0x00000000080027f8                DMA1_Stream3_IRQHandler
 *fill*         0x00000000080027fa        0x2 
 .text.HAL_Init
                0x00000000080027fc       0x44 ./Drivers/STM32F4xx_HAL_Driver/Src/stm32f4xx_hal.o
                0x00000000080027fc                HAL_Init
 .text.HAL_InitTick
                0x0000000008002840       0x60 ./Drivers/STM32F4xx_HAL_Driver/Src/stm32f4xx_hal.o
                0x0000000008002840                HAL_InitTick
 .text.HAL_IncTick
                0x00000000080028a0       0x28 ./Drivers/STM32F4xx_HAL_Driver/Src/stm32f4xx_hal.o
                0x00000000080028a0                HAL_IncTick
 .text.HAL_GetTick
                0x00000000080028c8       0x18 ./Drivers/STM32F4xx_HAL_Driver/Src/stm32f4xx_hal.o
                0x00000000080028c8                HAL_GetTick
 .text.HAL_Delay
                0x00000000080028e0       0x48 ./Drivers/STM32F4xx_HAL_Driver/Src/stm32f4xx_hal.o
                0x00000000080028e0                HAL_Delay
 .text.__NVIC_SetPriorityGrouping
                0x0000000008002928       0x48 ./Drivers/STM32F4xx_HAL_Driver/Src/stm32f4xx_hal_cortex.o
 .text.__NVIC_GetPriorityGrouping
                0x0000000008002970       0x1c ./Drivers/STM32F4xx_HAL_Driver/Src/stm32f4xx_hal_cortex.o
 .text.__NVIC_EnableIRQ
                0x000000000800298c       0x3c ./Drivers/STM32F4xx_HAL_Driver/Src/stm32f4xx_hal_cortex.o
 .text.__NVIC_SetPriority
                0x00000000080029c8       0x54 ./Drivers/STM32F4xx_HAL_Driver/Src/stm32f4xx_hal_cortex.o
 .text.NVIC_EncodePriority
                0x0000000008002a1c       0x66 ./Drivers/STM32F4xx_HAL_Driver/Src/stm32f4xx_hal_cortex.o
 *fill*         0x0000000008002a82        0x2 
 .text.SysTick_Config
                0x0000000008002a84       0x44 ./Drivers/STM32F4xx_HAL_Driver/Src/stm32f4xx_hal_cortex.o
 .text.HAL_NVIC_SetPriorityGrouping
                0x0000000008002ac8       0x16 ./Drivers/STM32F4xx_HAL_Driver/Src/stm32f4xx_hal_cortex.o
                0x0000000008002ac8                HAL_NVIC_SetPriorityGrouping
 .text.HAL_NVIC_SetPriority
                0x0000000008002ade       0x38 ./Drivers/STM32F4xx_HAL_Driver/Src/stm32f4xx_hal_cortex.o
                0x0000000008002ade                HAL_NVIC_SetPriority
 .text.HAL_NVIC_EnableIRQ
                0x0000000008002b16       0x1c ./Drivers/STM32F4xx_HAL_Driver/Src/stm32f4xx_hal_cortex.o
                0x0000000008002b16                HAL_NVIC_EnableIRQ
 .text.HAL_SYSTICK_Config
                0x0000000008002b32       0x18 ./Drivers/STM32F4xx_HAL_Driver/Src/stm32f4xx_hal_cortex.o
                0x0000000008002b32                HAL_SYSTICK_Config
 *fill*         0x0000000008002b4a        0x2 
 .text.HAL_DMA_Init
                0x0000000008002b4c      0x15c ./Drivers/STM32F4xx_HAL_Driver/Src/stm32f4xx_hal_dma.o
                0x0000000008002b4c                HAL_DMA_Init
 .text.HAL_DMA_Abort
                0x0000000008002ca8       0xe0 ./Drivers/STM32F4xx_HAL_Driver/Src/stm32f4xx_hal_dma.o
                0x0000000008002ca8                HAL_DMA_Abort
 .text.HAL_DMA_Abort_IT
                0x0000000008002d88       0x44 ./Drivers/STM32F4xx_HAL_Driver/Src/stm32f4xx_hal_dma.o
                0x0000000008002d88                HAL_DMA_Abort_IT
 .text.HAL_DMA_IRQHandler
                0x0000000008002dcc      0x314 ./Drivers/STM32F4xx_HAL_Driver/Src/stm32f4xx_hal_dma.o
                0x0000000008002dcc                HAL_DMA_IRQHandler
 .text.DMA_CalcBaseAndBitshift
                0x00000000080030e0       0x6c ./Drivers/STM32F4xx_HAL_Driver/Src/stm32f4xx_hal_dma.o
 .text.DMA_CheckFifoParam
                0x000000000800314c       0xf8 ./Drivers/STM32F4xx_HAL_Driver/Src/stm32f4xx_hal_dma.o
 .text.HAL_GPIO_Init
                0x0000000008003244      0x2e8 ./Drivers/STM32F4xx_HAL_Driver/Src/stm32f4xx_hal_gpio.o
                0x0000000008003244                HAL_GPIO_Init
 .text.HAL_GPIO_WritePin
                0x000000000800352c       0x32 ./Drivers/STM32F4xx_HAL_Driver/Src/stm32f4xx_hal_gpio.o
                0x000000000800352c                HAL_GPIO_WritePin
 .text.HAL_GPIO_TogglePin
                0x000000000800355e       0x34 ./Drivers/STM32F4xx_HAL_Driver/Src/stm32f4xx_hal_gpio.o
                0x000000000800355e                HAL_GPIO_TogglePin
 *fill*         0x0000000008003592        0x2 
 .text.HAL_RCC_ClockConfig
                0x0000000008003594      0x1cc ./Drivers/STM32F4xx_HAL_Driver/Src/stm32f4xx_hal_rcc.o
                0x0000000008003594                HAL_RCC_ClockConfig
 .text.HAL_RCC_GetSysClockFreq
                0x0000000008003760      0x18c ./Drivers/STM32F4xx_HAL_Driver/Src/stm32f4xx_hal_rcc.o
                0x0000000008003760                HAL_RCC_GetSysClockFreq
 .text.HAL_RCC_GetHCLKFreq
                0x00000000080038ec       0x18 ./Drivers/STM32F4xx_HAL_Driver/Src/stm32f4xx_hal_rcc.o
                0x00000000080038ec                HAL_RCC_GetHCLKFreq
 .text.HAL_RCC_GetPCLK1Freq
                0x0000000008003904       0x28 ./Drivers/STM32F4xx_HAL_Driver/Src/stm32f4xx_hal_rcc.o
                0x0000000008003904                HAL_RCC_GetPCLK1Freq
 .text.HAL_RCC_GetPCLK2Freq
                0x000000000800392c       0x28 ./Drivers/STM32F4xx_HAL_Driver/Src/stm32f4xx_hal_rcc.o
                0x000000000800392c                HAL_RCC_GetPCLK2Freq
 .text.HAL_RCC_OscConfig
                0x0000000008003954      0x508 ./Drivers/STM32F4xx_HAL_Driver/Src/stm32f4xx_hal_rcc_ex.o
                0x0000000008003954                HAL_RCC_OscConfig
 .text.HAL_UART_Init
                0x0000000008003e5c       0x9a ./Drivers/STM32F4xx_HAL_Driver/Src/stm32f4xx_hal_uart.o
                0x0000000008003e5c                HAL_UART_Init
 .text.HAL_UART_Transmit
                0x0000000008003ef6      0x124 ./Drivers/STM32F4xx_HAL_Driver/Src/stm32f4xx_hal_uart.o
                0x0000000008003ef6                HAL_UART_Transmit
 *fill*         0x000000000800401a        0x2 
 .text.HAL_UART_IRQHandler
                0x000000000800401c      0x51c ./Drivers/STM32F4xx_HAL_Driver/Src/stm32f4xx_hal_uart.o
                0x000000000800401c                HAL_UART_IRQHandler
 .text.HAL_UART_TxCpltCallback
                0x0000000008004538       0x14 ./Drivers/STM32F4xx_HAL_Driver/Src/stm32f4xx_hal_uart.o
                0x0000000008004538                HAL_UART_TxCpltCallback
 .text.HAL_UART_RxCpltCallback
                0x000000000800454c       0x14 ./Drivers/STM32F4xx_HAL_Driver/Src/stm32f4xx_hal_uart.o
                0x000000000800454c                HAL_UART_RxCpltCallback
 .text.HAL_UART_ErrorCallback
                0x0000000008004560       0x14 ./Drivers/STM32F4xx_HAL_Driver/Src/stm32f4xx_hal_uart.o
                0x0000000008004560                HAL_UART_ErrorCallback
 .text.HAL_UARTEx_RxEventCallback
                0x0000000008004574       0x18 ./Drivers/STM32F4xx_HAL_Driver/Src/stm32f4xx_hal_uart.o
                0x0000000008004574                HAL_UARTEx_RxEventCallback
 .text.UART_WaitOnFlagUntilTimeout
                0x000000000800458c       0xdc ./Drivers/STM32F4xx_HAL_Driver/Src/stm32f4xx_hal_uart.o
 .text.UART_EndRxTransfer
                0x0000000008004668       0xc6 ./Drivers/STM32F4xx_HAL_Driver/Src/stm32f4xx_hal_uart.o
 .text.UART_DMAAbortOnError
                0x000000000800472e       0x28 ./Drivers/STM32F4xx_HAL_Driver/Src/stm32f4xx_hal_uart.o
 .text.UART_Transmit_IT
                0x0000000008004756       0xa0 ./Drivers/STM32F4xx_HAL_Driver/Src/stm32f4xx_hal_uart.o
 .text.UART_EndTransmit_IT
                0x00000000080047f6       0x30 ./Drivers/STM32F4xx_HAL_Driver/Src/stm32f4xx_hal_uart.o
 .text.UART_Receive_IT
                0x0000000008004826      0x176 ./Drivers/STM32F4xx_HAL_Driver/Src/stm32f4xx_hal_uart.o
 .text.UART_SetConfig
                0x000000000800499c      0x4e8 ./Drivers/STM32F4xx_HAL_Driver/Src/stm32f4xx_hal_uart.o
 .text._ZN3ros16normalizeSecNSecERmS0_
                0x0000000008004e84       0x58 ./ros_lib/time.o
                0x0000000008004e84                ros::normalizeSecNSec(unsigned long&, unsigned long&)
 .text.__cxa_pure_virtual
                0x0000000008004edc        0x6 /home/flooki/st/stm32cubeide_1.10.1/plugins/com.st.stm32cube.ide.mcu.externaltools.gnu-tools-for-stm32.10.3-2021.10.linux64_1.0.0.202111181127/tools/bin/../lib/gcc/arm-none-eabi/10.3.1/../../../../arm-none-eabi/lib/thumb/v7e-m+fp/hard/libstdc++_nano.a(pure.o)
                0x0000000008004edc                __cxa_pure_virtual
 .text._ZN10__cxxabiv111__terminateEPFvvE
                0x0000000008004ee2        0x8 /home/flooki/st/stm32cubeide_1.10.1/plugins/com.st.stm32cube.ide.mcu.externaltools.gnu-tools-for-stm32.10.3-2021.10.linux64_1.0.0.202111181127/tools/bin/../lib/gcc/arm-none-eabi/10.3.1/../../../../arm-none-eabi/lib/thumb/v7e-m+fp/hard/libstdc++_nano.a(eh_terminate.o)
                0x0000000008004ee2                __cxxabiv1::__terminate(void (*)())
 *fill*         0x0000000008004eea        0x2 
 .text._ZSt13get_terminatev
                0x0000000008004eec       0x10 /home/flooki/st/stm32cubeide_1.10.1/plugins/com.st.stm32cube.ide.mcu.externaltools.gnu-tools-for-stm32.10.3-2021.10.linux64_1.0.0.202111181127/tools/bin/../lib/gcc/arm-none-eabi/10.3.1/../../../../arm-none-eabi/lib/thumb/v7e-m+fp/hard/libstdc++_nano.a(eh_terminate.o)
                0x0000000008004eec                std::get_terminate()
 .text._ZSt9terminatev
                0x0000000008004efc        0xa /home/flooki/st/stm32cubeide_1.10.1/plugins/com.st.stm32cube.ide.mcu.externaltools.gnu-tools-for-stm32.10.3-2021.10.linux64_1.0.0.202111181127/tools/bin/../lib/gcc/arm-none-eabi/10.3.1/../../../../arm-none-eabi/lib/thumb/v7e-m+fp/hard/libstdc++_nano.a(eh_terminate.o)
                0x0000000008004efc                std::terminate()
 .text.abort    0x0000000008004f06        0xe /home/flooki/st/stm32cubeide_1.10.1/plugins/com.st.stm32cube.ide.mcu.externaltools.gnu-tools-for-stm32.10.3-2021.10.linux64_1.0.0.202111181127/tools/bin/../lib/gcc/arm-none-eabi/10.3.1/../../../../arm-none-eabi/lib/thumb/v7e-m+fp/hard/libc_nano.a(lib_a-abort.o)
                0x0000000008004f06                abort
 .text.__errno  0x0000000008004f14        0xc /home/flooki/st/stm32cubeide_1.10.1/plugins/com.st.stm32cube.ide.mcu.externaltools.gnu-tools-for-stm32.10.3-2021.10.linux64_1.0.0.202111181127/tools/bin/../lib/gcc/arm-none-eabi/10.3.1/../../../../arm-none-eabi/lib/thumb/v7e-m+fp/hard/libc_nano.a(lib_a-errno.o)
                0x0000000008004f14                __errno
 .text.__libc_init_array
                0x0000000008004f20       0x48 /home/flooki/st/stm32cubeide_1.10.1/plugins/com.st.stm32cube.ide.mcu.externaltools.gnu-tools-for-stm32.10.3-2021.10.linux64_1.0.0.202111181127/tools/bin/../lib/gcc/arm-none-eabi/10.3.1/../../../../arm-none-eabi/lib/thumb/v7e-m+fp/hard/libc_nano.a(lib_a-init.o)
                0x0000000008004f20                __libc_init_array
 .text.memcpy   0x0000000008004f68       0x1c /home/flooki/st/stm32cubeide_1.10.1/plugins/com.st.stm32cube.ide.mcu.externaltools.gnu-tools-for-stm32.10.3-2021.10.linux64_1.0.0.202111181127/tools/bin/../lib/gcc/arm-none-eabi/10.3.1/../../../../arm-none-eabi/lib/thumb/v7e-m+fp/hard/libc_nano.a(lib_a-memcpy-stub.o)
                0x0000000008004f68                memcpy
 .text.memset   0x0000000008004f84       0x10 /home/flooki/st/stm32cubeide_1.10.1/plugins/com.st.stm32cube.ide.mcu.externaltools.gnu-tools-for-stm32.10.3-2021.10.linux64_1.0.0.202111181127/tools/bin/../lib/gcc/arm-none-eabi/10.3.1/../../../../arm-none-eabi/lib/thumb/v7e-m+fp/hard/libc_nano.a(lib_a-memset.o)
                0x0000000008004f84                memset
 .text.realloc  0x0000000008004f94       0x10 /home/flooki/st/stm32cubeide_1.10.1/plugins/com.st.stm32cube.ide.mcu.externaltools.gnu-tools-for-stm32.10.3-2021.10.linux64_1.0.0.202111181127/tools/bin/../lib/gcc/arm-none-eabi/10.3.1/../../../../arm-none-eabi/lib/thumb/v7e-m+fp/hard/libc_nano.a(lib_a-realloc.o)
                0x0000000008004f94                realloc
 .text._raise_r
                0x0000000008004fa4       0x50 /home/flooki/st/stm32cubeide_1.10.1/plugins/com.st.stm32cube.ide.mcu.externaltools.gnu-tools-for-stm32.10.3-2021.10.linux64_1.0.0.202111181127/tools/bin/../lib/gcc/arm-none-eabi/10.3.1/../../../../arm-none-eabi/lib/thumb/v7e-m+fp/hard/libc_nano.a(lib_a-signal.o)
                0x0000000008004fa4                _raise_r
 .text.raise    0x0000000008004ff4       0x10 /home/flooki/st/stm32cubeide_1.10.1/plugins/com.st.stm32cube.ide.mcu.externaltools.gnu-tools-for-stm32.10.3-2021.10.linux64_1.0.0.202111181127/tools/bin/../lib/gcc/arm-none-eabi/10.3.1/../../../../arm-none-eabi/lib/thumb/v7e-m+fp/hard/libc_nano.a(lib_a-signal.o)
                0x0000000008004ff4                raise
 .text._kill_r  0x0000000008005004       0x24 /home/flooki/st/stm32cubeide_1.10.1/plugins/com.st.stm32cube.ide.mcu.externaltools.gnu-tools-for-stm32.10.3-2021.10.linux64_1.0.0.202111181127/tools/bin/../lib/gcc/arm-none-eabi/10.3.1/../../../../arm-none-eabi/lib/thumb/v7e-m+fp/hard/libc_nano.a(lib_a-signalr.o)
                0x0000000008005004                _kill_r
 .text._getpid_r
                0x0000000008005028        0x4 /home/flooki/st/stm32cubeide_1.10.1/plugins/com.st.stm32cube.ide.mcu.externaltools.gnu-tools-for-stm32.10.3-2021.10.linux64_1.0.0.202111181127/tools/bin/../lib/gcc/arm-none-eabi/10.3.1/../../../../arm-none-eabi/lib/thumb/v7e-m+fp/hard/libc_nano.a(lib_a-signalr.o)
                0x0000000008005028                _getpid_r
 .text.sbrk_aligned
                0x000000000800502c       0x40 /home/flooki/st/stm32cubeide_1.10.1/plugins/com.st.stm32cube.ide.mcu.externaltools.gnu-tools-for-stm32.10.3-2021.10.linux64_1.0.0.202111181127/tools/bin/../lib/gcc/arm-none-eabi/10.3.1/../../../../arm-none-eabi/lib/thumb/v7e-m+fp/hard/libc_nano.a(lib_a-nano-mallocr.o)
 .text._malloc_r
                0x000000000800506c       0xe8 /home/flooki/st/stm32cubeide_1.10.1/plugins/com.st.stm32cube.ide.mcu.externaltools.gnu-tools-for-stm32.10.3-2021.10.linux64_1.0.0.202111181127/tools/bin/../lib/gcc/arm-none-eabi/10.3.1/../../../../arm-none-eabi/lib/thumb/v7e-m+fp/hard/libc_nano.a(lib_a-nano-mallocr.o)
                0x000000000800506c                _malloc_r
 .text._realloc_r
                0x0000000008005154       0x5e /home/flooki/st/stm32cubeide_1.10.1/plugins/com.st.stm32cube.ide.mcu.externaltools.gnu-tools-for-stm32.10.3-2021.10.linux64_1.0.0.202111181127/tools/bin/../lib/gcc/arm-none-eabi/10.3.1/../../../../arm-none-eabi/lib/thumb/v7e-m+fp/hard/libc_nano.a(lib_a-nano-reallocr.o)
                0x0000000008005154                _realloc_r
 *fill*         0x00000000080051b2        0x2 
 .text._sbrk_r  0x00000000080051b4       0x20 /home/flooki/st/stm32cubeide_1.10.1/plugins/com.st.stm32cube.ide.mcu.externaltools.gnu-tools-for-stm32.10.3-2021.10.linux64_1.0.0.202111181127/tools/bin/../lib/gcc/arm-none-eabi/10.3.1/../../../../arm-none-eabi/lib/thumb/v7e-m+fp/hard/libc_nano.a(lib_a-sbrkr.o)
                0x00000000080051b4                _sbrk_r
 .text.__malloc_lock
                0x00000000080051d4        0xc /home/flooki/st/stm32cubeide_1.10.1/plugins/com.st.stm32cube.ide.mcu.externaltools.gnu-tools-for-stm32.10.3-2021.10.linux64_1.0.0.202111181127/tools/bin/../lib/gcc/arm-none-eabi/10.3.1/../../../../arm-none-eabi/lib/thumb/v7e-m+fp/hard/libc_nano.a(lib_a-mlock.o)
                0x00000000080051d4                __malloc_lock
 .text.__malloc_unlock
                0x00000000080051e0        0xc /home/flooki/st/stm32cubeide_1.10.1/plugins/com.st.stm32cube.ide.mcu.externaltools.gnu-tools-for-stm32.10.3-2021.10.linux64_1.0.0.202111181127/tools/bin/../lib/gcc/arm-none-eabi/10.3.1/../../../../arm-none-eabi/lib/thumb/v7e-m+fp/hard/libc_nano.a(lib_a-mlock.o)
                0x00000000080051e0                __malloc_unlock
 .text._free_r  0x00000000080051ec       0x98 /home/flooki/st/stm32cubeide_1.10.1/plugins/com.st.stm32cube.ide.mcu.externaltools.gnu-tools-for-stm32.10.3-2021.10.linux64_1.0.0.202111181127/tools/bin/../lib/gcc/arm-none-eabi/10.3.1/../../../../arm-none-eabi/lib/thumb/v7e-m+fp/hard/libc_nano.a(lib_a-nano-freer.o)
                0x00000000080051ec                _free_r
 .text._malloc_usable_size_r
                0x0000000008005284       0x10 /home/flooki/st/stm32cubeide_1.10.1/plugins/com.st.stm32cube.ide.mcu.externaltools.gnu-tools-for-stm32.10.3-2021.10.linux64_1.0.0.202111181127/tools/bin/../lib/gcc/arm-none-eabi/10.3.1/../../../../arm-none-eabi/lib/thumb/v7e-m+fp/hard/libc_nano.a(lib_a-nano-msizer.o)
                0x0000000008005284                _malloc_usable_size_r
 .text.__retarget_lock_acquire_recursive
                0x0000000008005294        0x2 /home/flooki/st/stm32cubeide_1.10.1/plugins/com.st.stm32cube.ide.mcu.externaltools.gnu-tools-for-stm32.10.3-2021.10.linux64_1.0.0.202111181127/tools/bin/../lib/gcc/arm-none-eabi/10.3.1/../../../../arm-none-eabi/lib/thumb/v7e-m+fp/hard/libc_nano.a(lib_a-lock.o)
                0x0000000008005294                __retarget_lock_acquire_recursive
 .text.__retarget_lock_release_recursive
                0x0000000008005296        0x2 /home/flooki/st/stm32cubeide_1.10.1/plugins/com.st.stm32cube.ide.mcu.externaltools.gnu-tools-for-stm32.10.3-2021.10.linux64_1.0.0.202111181127/tools/bin/../lib/gcc/arm-none-eabi/10.3.1/../../../../arm-none-eabi/lib/thumb/v7e-m+fp/hard/libc_nano.a(lib_a-lock.o)
                0x0000000008005296                __retarget_lock_release_recursive
 *(.glue_7)
 .glue_7        0x0000000008005298        0x0 linker stubs
 *(.glue_7t)
 .glue_7t       0x0000000008005298        0x0 linker stubs
 *(.eh_frame)
 .eh_frame      0x0000000008005298        0x0 /home/flooki/st/stm32cubeide_1.10.1/plugins/com.st.stm32cube.ide.mcu.externaltools.gnu-tools-for-stm32.10.3-2021.10.linux64_1.0.0.202111181127/tools/bin/../lib/gcc/arm-none-eabi/10.3.1/thumb/v7e-m+fp/hard/crtbegin.o
 *(.init)
 .init          0x0000000008005298        0x4 /home/flooki/st/stm32cubeide_1.10.1/plugins/com.st.stm32cube.ide.mcu.externaltools.gnu-tools-for-stm32.10.3-2021.10.linux64_1.0.0.202111181127/tools/bin/../lib/gcc/arm-none-eabi/10.3.1/thumb/v7e-m+fp/hard/crti.o
                0x0000000008005298                _init
 .init          0x000000000800529c        0x8 /home/flooki/st/stm32cubeide_1.10.1/plugins/com.st.stm32cube.ide.mcu.externaltools.gnu-tools-for-stm32.10.3-2021.10.linux64_1.0.0.202111181127/tools/bin/../lib/gcc/arm-none-eabi/10.3.1/thumb/v7e-m+fp/hard/crtn.o
 *(.fini)
 .fini          0x00000000080052a4        0x4 /home/flooki/st/stm32cubeide_1.10.1/plugins/com.st.stm32cube.ide.mcu.externaltools.gnu-tools-for-stm32.10.3-2021.10.linux64_1.0.0.202111181127/tools/bin/../lib/gcc/arm-none-eabi/10.3.1/thumb/v7e-m+fp/hard/crti.o
                0x00000000080052a4                _fini
 .fini          0x00000000080052a8        0x8 /home/flooki/st/stm32cubeide_1.10.1/plugins/com.st.stm32cube.ide.mcu.externaltools.gnu-tools-for-stm32.10.3-2021.10.linux64_1.0.0.202111181127/tools/bin/../lib/gcc/arm-none-eabi/10.3.1/thumb/v7e-m+fp/hard/crtn.o
                0x00000000080052b0                . = ALIGN (0x4)
                0x00000000080052b0                _etext = .

.vfp11_veneer   0x00000000080052b0        0x0
 .vfp11_veneer  0x00000000080052b0        0x0 linker stubs

.v4_bx          0x00000000080052b0        0x0
 .v4_bx         0x00000000080052b0        0x0 linker stubs

.iplt           0x00000000080052b0        0x0
 .iplt          0x00000000080052b0        0x0 /home/flooki/st/stm32cubeide_1.10.1/plugins/com.st.stm32cube.ide.mcu.externaltools.gnu-tools-for-stm32.10.3-2021.10.linux64_1.0.0.202111181127/tools/bin/../lib/gcc/arm-none-eabi/10.3.1/thumb/v7e-m+fp/hard/crtbegin.o

.rodata         0x00000000080052b0      0x240
                0x00000000080052b0                . = ALIGN (0x4)
 *(.rodata)
 .rodata        0x00000000080052b0      0x14c ./Core/Src/my_main.o
 *(.rodata*)
 .rodata._ZN14rosserial_msgsL12REQUESTPARAME
                0x00000000080053fc       0x1c ./Core/Src/my_main.o
 .rodata._ZTVN3ros11NodeHandle_I13STM32HardwareLi25ELi25ELi512ELi512EEE
                0x0000000008005418       0x14 ./Core/Src/my_main.o
                0x0000000008005418                vtable for ros::NodeHandle_<STM32Hardware, 25, 25, 512, 512>
 .rodata._ZTVN8std_msgs6StringE
                0x000000000800542c       0x18 ./Core/Src/my_main.o
                0x000000000800542c                vtable for std_msgs::String
 .rodata._ZTVN3ros15NodeHandleBase_E
                0x0000000008005444       0x14 ./Core/Src/my_main.o
                0x0000000008005444                vtable for ros::NodeHandleBase_
 .rodata._ZTVN8std_msgs4TimeE
                0x0000000008005458       0x18 ./Core/Src/my_main.o
                0x0000000008005458                vtable for std_msgs::Time
 .rodata._ZTVN14rosserial_msgs9TopicInfoE
                0x0000000008005470       0x18 ./Core/Src/my_main.o
                0x0000000008005470                vtable for rosserial_msgs::TopicInfo
 .rodata._ZTVN14rosserial_msgs20RequestParamResponseE
                0x0000000008005488       0x18 ./Core/Src/my_main.o
                0x0000000008005488                vtable for rosserial_msgs::RequestParamResponse
 .rodata._ZTVN14rosserial_msgs3LogE
                0x00000000080054a0       0x18 ./Core/Src/my_main.o
                0x00000000080054a0                vtable for rosserial_msgs::Log
 .rodata._ZTVN3ros3MsgE
                0x00000000080054b8       0x18 ./Core/Src/my_main.o
                0x00000000080054b8                vtable for ros::Msg
 .rodata.AHBPrescTable
                0x00000000080054d0       0x10 ./Core/Src/system_stm32f4xx.o
                0x00000000080054d0                AHBPrescTable
 .rodata.APBPrescTable
                0x00000000080054e0        0x8 ./Core/Src/system_stm32f4xx.o
                0x00000000080054e0                APBPrescTable
 .rodata.flagBitshiftOffset.0
                0x00000000080054e8        0x8 ./Drivers/STM32F4xx_HAL_Driver/Src/stm32f4xx_hal_dma.o
                0x00000000080054f0                . = ALIGN (0x4)

.ARM.extab      0x00000000080054f0        0x0
                0x00000000080054f0                . = ALIGN (0x4)
 *(.ARM.extab* .gnu.linkonce.armextab.*)
                0x00000000080054f0                . = ALIGN (0x4)

.ARM            0x00000000080054f0        0x8
                0x00000000080054f0                . = ALIGN (0x4)
                0x00000000080054f0                __exidx_start = .
 *(.ARM.exidx*)
 .ARM.exidx     0x00000000080054f0        0x8 /home/flooki/st/stm32cubeide_1.10.1/plugins/com.st.stm32cube.ide.mcu.externaltools.gnu-tools-for-stm32.10.3-2021.10.linux64_1.0.0.202111181127/tools/bin/../lib/gcc/arm-none-eabi/10.3.1/thumb/v7e-m+fp/hard/libgcc.a(_udivmoddi4.o)
                0x00000000080054f8                __exidx_end = .
                0x00000000080054f8                . = ALIGN (0x4)

.rel.dyn        0x00000000080054f8        0x0
 .rel.iplt      0x00000000080054f8        0x0 /home/flooki/st/stm32cubeide_1.10.1/plugins/com.st.stm32cube.ide.mcu.externaltools.gnu-tools-for-stm32.10.3-2021.10.linux64_1.0.0.202111181127/tools/bin/../lib/gcc/arm-none-eabi/10.3.1/thumb/v7e-m+fp/hard/crtbegin.o

.preinit_array  0x00000000080054f8        0x0
                0x00000000080054f8                . = ALIGN (0x4)
                0x00000000080054f8                PROVIDE (__preinit_array_start = .)
 *(.preinit_array*)
                0x00000000080054f8                PROVIDE (__preinit_array_end = .)
                0x00000000080054f8                . = ALIGN (0x4)

.init_array     0x00000000080054f8        0x8
                0x00000000080054f8                . = ALIGN (0x4)
                0x00000000080054f8                PROVIDE (__init_array_start = .)
 *(SORT_BY_NAME(.init_array.*))
 *(.init_array*)
 .init_array    0x00000000080054f8        0x4 /home/flooki/st/stm32cubeide_1.10.1/plugins/com.st.stm32cube.ide.mcu.externaltools.gnu-tools-for-stm32.10.3-2021.10.linux64_1.0.0.202111181127/tools/bin/../lib/gcc/arm-none-eabi/10.3.1/thumb/v7e-m+fp/hard/crtbegin.o
 .init_array    0x00000000080054fc        0x4 ./Core/Src/my_main.o
                0x0000000008005500                PROVIDE (__init_array_end = .)
                0x0000000008005500                . = ALIGN (0x4)

.fini_array     0x0000000008005500        0x4
                0x0000000008005500                . = ALIGN (0x4)
                [!provide]                        PROVIDE (__fini_array_start = .)
 *(SORT_BY_NAME(.fini_array.*))
 *(.fini_array*)
 .fini_array    0x0000000008005500        0x4 /home/flooki/st/stm32cubeide_1.10.1/plugins/com.st.stm32cube.ide.mcu.externaltools.gnu-tools-for-stm32.10.3-2021.10.linux64_1.0.0.202111181127/tools/bin/../lib/gcc/arm-none-eabi/10.3.1/thumb/v7e-m+fp/hard/crtbegin.o
                [!provide]                        PROVIDE (__fini_array_end = .)
                0x0000000008005504                . = ALIGN (0x4)
                0x0000000008005504                _sidata = LOADADDR (.data)

.data           0x0000000020000000       0x88 load address 0x0000000008005504
                0x0000000020000000                . = ALIGN (0x4)
                0x0000000020000000                _sdata = .
 *(.data)
 *(.data*)
 .data.hello    0x0000000020000000       0x11 ./Core/Src/my_main.o
                0x0000000020000000                hello
 *fill*         0x0000000020000011        0x3 
 .data.SystemCoreClock
                0x0000000020000014        0x4 ./Core/Src/system_stm32f4xx.o
                0x0000000020000014                SystemCoreClock
 .data.uwTickPrio
                0x0000000020000018        0x4 ./Drivers/STM32F4xx_HAL_Driver/Src/stm32f4xx_hal.o
                0x0000000020000018                uwTickPrio
 .data.uwTickFreq
                0x000000002000001c        0x1 ./Drivers/STM32F4xx_HAL_Driver/Src/stm32f4xx_hal.o
                0x000000002000001c                uwTickFreq
 *fill*         0x000000002000001d        0x3 
 .data._ZN10__cxxabiv119__terminate_handlerE
                0x0000000020000020        0x4 /home/flooki/st/stm32cubeide_1.10.1/plugins/com.st.stm32cube.ide.mcu.externaltools.gnu-tools-for-stm32.10.3-2021.10.linux64_1.0.0.202111181127/tools/bin/../lib/gcc/arm-none-eabi/10.3.1/../../../../arm-none-eabi/lib/thumb/v7e-m+fp/hard/libstdc++_nano.a(eh_term_handler.o)
                0x0000000020000020                __cxxabiv1::__terminate_handler
 .data._impure_ptr
                0x0000000020000024        0x4 /home/flooki/st/stm32cubeide_1.10.1/plugins/com.st.stm32cube.ide.mcu.externaltools.gnu-tools-for-stm32.10.3-2021.10.linux64_1.0.0.202111181127/tools/bin/../lib/gcc/arm-none-eabi/10.3.1/../../../../arm-none-eabi/lib/thumb/v7e-m+fp/hard/libc_nano.a(lib_a-impure.o)
                0x0000000020000024                _impure_ptr
 .data.impure_data
                0x0000000020000028       0x60 /home/flooki/st/stm32cubeide_1.10.1/plugins/com.st.stm32cube.ide.mcu.externaltools.gnu-tools-for-stm32.10.3-2021.10.linux64_1.0.0.202111181127/tools/bin/../lib/gcc/arm-none-eabi/10.3.1/../../../../arm-none-eabi/lib/thumb/v7e-m+fp/hard/libc_nano.a(lib_a-impure.o)
 *(.RamFunc)
 *(.RamFunc*)
                0x0000000020000088                . = ALIGN (0x4)
                0x0000000020000088                _edata = .

.igot.plt       0x0000000020000088        0x0 load address 0x000000000800558c
 .igot.plt      0x0000000020000088        0x0 /home/flooki/st/stm32cubeide_1.10.1/plugins/com.st.stm32cube.ide.mcu.externaltools.gnu-tools-for-stm32.10.3-2021.10.linux64_1.0.0.202111181127/tools/bin/../lib/gcc/arm-none-eabi/10.3.1/thumb/v7e-m+fp/hard/crtbegin.o
                0x0000000020000088                . = ALIGN (0x4)

.bss            0x0000000020000088      0xa90 load address 0x000000000800558c
                0x0000000020000088                _sbss = .
                0x0000000020000088                __bss_start__ = _sbss
 *(.bss)
 .bss           0x0000000020000088       0x1c /home/flooki/st/stm32cubeide_1.10.1/plugins/com.st.stm32cube.ide.mcu.externaltools.gnu-tools-for-stm32.10.3-2021.10.linux64_1.0.0.202111181127/tools/bin/../lib/gcc/arm-none-eabi/10.3.1/thumb/v7e-m+fp/hard/crtbegin.o
 *(.bss*)
 .bss.huart2    0x00000000200000a4       0x44 ./Core/Src/main.o
                0x00000000200000a4                huart2
 .bss.hdma_usart2_rx
                0x00000000200000e8       0x60 ./Core/Src/main.o
                0x00000000200000e8                hdma_usart2_rx
 .bss.hdma_usart2_tx
                0x0000000020000148       0x60 ./Core/Src/main.o
                0x0000000020000148                hdma_usart2_tx
 .bss.RxBuffer  0x00000000200001a8      0x400 ./Core/Src/my_main.o
                0x00000000200001a8                RxBuffer
 .bss.rb        0x00000000200005a8        0xc ./Core/Src/my_main.o
                0x00000000200005a8                rb
 .bss.nh        0x00000000200005b4      0x530 ./Core/Src/my_main.o
                0x00000000200005b4                nh
 .bss.str_msg   0x0000000020000ae4        0x8 ./Core/Src/my_main.o
                0x0000000020000ae4                str_msg
 .bss.chatter   0x0000000020000aec       0x14 ./Core/Src/my_main.o
                0x0000000020000aec                chatter
 .bss.__sbrk_heap_end
                0x0000000020000b00        0x4 ./Core/Src/sysmem.o
 .bss.uwTick    0x0000000020000b04        0x4 ./Drivers/STM32F4xx_HAL_Driver/Src/stm32f4xx_hal.o
                0x0000000020000b04                uwTick
 .bss.__malloc_free_list
                0x0000000020000b08        0x4 /home/flooki/st/stm32cubeide_1.10.1/plugins/com.st.stm32cube.ide.mcu.externaltools.gnu-tools-for-stm32.10.3-2021.10.linux64_1.0.0.202111181127/tools/bin/../lib/gcc/arm-none-eabi/10.3.1/../../../../arm-none-eabi/lib/thumb/v7e-m+fp/hard/libc_nano.a(lib_a-nano-mallocr.o)
                0x0000000020000b08                __malloc_free_list
 .bss.__malloc_sbrk_start
                0x0000000020000b0c        0x4 /home/flooki/st/stm32cubeide_1.10.1/plugins/com.st.stm32cube.ide.mcu.externaltools.gnu-tools-for-stm32.10.3-2021.10.linux64_1.0.0.202111181127/tools/bin/../lib/gcc/arm-none-eabi/10.3.1/../../../../arm-none-eabi/lib/thumb/v7e-m+fp/hard/libc_nano.a(lib_a-nano-mallocr.o)
                0x0000000020000b0c                __malloc_sbrk_start
 .bss.errno     0x0000000020000b10        0x4 /home/flooki/st/stm32cubeide_1.10.1/plugins/com.st.stm32cube.ide.mcu.externaltools.gnu-tools-for-stm32.10.3-2021.10.linux64_1.0.0.202111181127/tools/bin/../lib/gcc/arm-none-eabi/10.3.1/../../../../arm-none-eabi/lib/thumb/v7e-m+fp/hard/libc_nano.a(lib_a-reent.o)
                0x0000000020000b10                errno
 .bss.__lock___malloc_recursive_mutex
                0x0000000020000b14        0x1 /home/flooki/st/stm32cubeide_1.10.1/plugins/com.st.stm32cube.ide.mcu.externaltools.gnu-tools-for-stm32.10.3-2021.10.linux64_1.0.0.202111181127/tools/bin/../lib/gcc/arm-none-eabi/10.3.1/../../../../arm-none-eabi/lib/thumb/v7e-m+fp/hard/libc_nano.a(lib_a-lock.o)
                0x0000000020000b14                __lock___malloc_recursive_mutex
 *(COMMON)
                0x0000000020000b18                . = ALIGN (0x4)
 *fill*         0x0000000020000b15        0x3 
                0x0000000020000b18                _ebss = .
                0x0000000020000b18                __bss_end__ = _ebss

._user_heap_stack
                0x0000000020000b18      0x600 load address 0x000000000800558c
                0x0000000020000b18                . = ALIGN (0x8)
                [!provide]                        PROVIDE (end = .)
                0x0000000020000b18                PROVIDE (_end = .)
                0x0000000020000d18                . = (. + _Min_Heap_Size)
 *fill*         0x0000000020000b18      0x200 
                0x0000000020001118                . = (. + _Min_Stack_Size)
 *fill*         0x0000000020000d18      0x400 
                0x0000000020001118                . = ALIGN (0x8)

/DISCARD/
 libc.a(*)
 libm.a(*)
 libgcc.a(*)

.ARM.attributes
                0x0000000000000000       0x30
 *(.ARM.attributes)
 .ARM.attributes
                0x0000000000000000       0x1e /home/flooki/st/stm32cubeide_1.10.1/plugins/com.st.stm32cube.ide.mcu.externaltools.gnu-tools-for-stm32.10.3-2021.10.linux64_1.0.0.202111181127/tools/bin/../lib/gcc/arm-none-eabi/10.3.1/thumb/v7e-m+fp/hard/crti.o
 .ARM.attributes
                0x000000000000001e       0x34 /home/flooki/st/stm32cubeide_1.10.1/plugins/com.st.stm32cube.ide.mcu.externaltools.gnu-tools-for-stm32.10.3-2021.10.linux64_1.0.0.202111181127/tools/bin/../lib/gcc/arm-none-eabi/10.3.1/thumb/v7e-m+fp/hard/crtbegin.o
 .ARM.attributes
                0x0000000000000052       0x34 ./Core/Src/main.o
 .ARM.attributes
                0x0000000000000086       0x34 ./Core/Src/my_main.o
 .ARM.attributes
                0x00000000000000ba       0x34 ./Core/Src/ringbuffer.o
 .ARM.attributes
                0x00000000000000ee       0x34 ./Core/Src/stm32f4xx_hal_msp.o
 .ARM.attributes
                0x0000000000000122       0x34 ./Core/Src/stm32f4xx_it.o
 .ARM.attributes
                0x0000000000000156       0x34 ./Core/Src/syscalls.o
 .ARM.attributes
                0x000000000000018a       0x34 ./Core/Src/sysmem.o
 .ARM.attributes
                0x00000000000001be       0x34 ./Core/Src/system_stm32f4xx.o
 .ARM.attributes
                0x00000000000001f2       0x21 ./Core/Startup/startup_stm32f410rbtx.o
 .ARM.attributes
                0x0000000000000213       0x34 ./Drivers/STM32F4xx_HAL_Driver/Src/stm32f4xx_hal.o
 .ARM.attributes
                0x0000000000000247       0x34 ./Drivers/STM32F4xx_HAL_Driver/Src/stm32f4xx_hal_cortex.o
 .ARM.attributes
                0x000000000000027b       0x34 ./Drivers/STM32F4xx_HAL_Driver/Src/stm32f4xx_hal_dma.o
 .ARM.attributes
                0x00000000000002af       0x34 ./Drivers/STM32F4xx_HAL_Driver/Src/stm32f4xx_hal_gpio.o
 .ARM.attributes
                0x00000000000002e3       0x34 ./Drivers/STM32F4xx_HAL_Driver/Src/stm32f4xx_hal_rcc.o
 .ARM.attributes
                0x0000000000000317       0x34 ./Drivers/STM32F4xx_HAL_Driver/Src/stm32f4xx_hal_rcc_ex.o
 .ARM.attributes
                0x000000000000034b       0x34 ./Drivers/STM32F4xx_HAL_Driver/Src/stm32f4xx_hal_uart.o
 .ARM.attributes
                0x000000000000037f       0x34 ./ros_lib/time.o
 .ARM.attributes
                0x00000000000003b3       0x34 /home/flooki/st/stm32cubeide_1.10.1/plugins/com.st.stm32cube.ide.mcu.externaltools.gnu-tools-for-stm32.10.3-2021.10.linux64_1.0.0.202111181127/tools/bin/../lib/gcc/arm-none-eabi/10.3.1/../../../../arm-none-eabi/lib/thumb/v7e-m+fp/hard/libstdc++_nano.a(pure.o)
 .ARM.attributes
                0x00000000000003e7       0x34 /home/flooki/st/stm32cubeide_1.10.1/plugins/com.st.stm32cube.ide.mcu.externaltools.gnu-tools-for-stm32.10.3-2021.10.linux64_1.0.0.202111181127/tools/bin/../lib/gcc/arm-none-eabi/10.3.1/../../../../arm-none-eabi/lib/thumb/v7e-m+fp/hard/libstdc++_nano.a(eh_terminate.o)
 .ARM.attributes
                0x000000000000041b       0x34 /home/flooki/st/stm32cubeide_1.10.1/plugins/com.st.stm32cube.ide.mcu.externaltools.gnu-tools-for-stm32.10.3-2021.10.linux64_1.0.0.202111181127/tools/bin/../lib/gcc/arm-none-eabi/10.3.1/../../../../arm-none-eabi/lib/thumb/v7e-m+fp/hard/libstdc++_nano.a(eh_term_handler.o)
 .ARM.attributes
                0x000000000000044f       0x34 /home/flooki/st/stm32cubeide_1.10.1/plugins/com.st.stm32cube.ide.mcu.externaltools.gnu-tools-for-stm32.10.3-2021.10.linux64_1.0.0.202111181127/tools/bin/../lib/gcc/arm-none-eabi/10.3.1/../../../../arm-none-eabi/lib/thumb/v7e-m+fp/hard/libc_nano.a(lib_a-abort.o)
 .ARM.attributes
                0x0000000000000483       0x34 /home/flooki/st/stm32cubeide_1.10.1/plugins/com.st.stm32cube.ide.mcu.externaltools.gnu-tools-for-stm32.10.3-2021.10.linux64_1.0.0.202111181127/tools/bin/../lib/gcc/arm-none-eabi/10.3.1/../../../../arm-none-eabi/lib/thumb/v7e-m+fp/hard/libc_nano.a(lib_a-errno.o)
 .ARM.attributes
                0x00000000000004b7       0x34 /home/flooki/st/stm32cubeide_1.10.1/plugins/com.st.stm32cube.ide.mcu.externaltools.gnu-tools-for-stm32.10.3-2021.10.linux64_1.0.0.202111181127/tools/bin/../lib/gcc/arm-none-eabi/10.3.1/../../../../arm-none-eabi/lib/thumb/v7e-m+fp/hard/libc_nano.a(lib_a-impure.o)
 .ARM.attributes
                0x00000000000004eb       0x34 /home/flooki/st/stm32cubeide_1.10.1/plugins/com.st.stm32cube.ide.mcu.externaltools.gnu-tools-for-stm32.10.3-2021.10.linux64_1.0.0.202111181127/tools/bin/../lib/gcc/arm-none-eabi/10.3.1/../../../../arm-none-eabi/lib/thumb/v7e-m+fp/hard/libc_nano.a(lib_a-init.o)
 .ARM.attributes
                0x000000000000051f       0x34 /home/flooki/st/stm32cubeide_1.10.1/plugins/com.st.stm32cube.ide.mcu.externaltools.gnu-tools-for-stm32.10.3-2021.10.linux64_1.0.0.202111181127/tools/bin/../lib/gcc/arm-none-eabi/10.3.1/../../../../arm-none-eabi/lib/thumb/v7e-m+fp/hard/libc_nano.a(lib_a-memcpy-stub.o)
 .ARM.attributes
                0x0000000000000553       0x34 /home/flooki/st/stm32cubeide_1.10.1/plugins/com.st.stm32cube.ide.mcu.externaltools.gnu-tools-for-stm32.10.3-2021.10.linux64_1.0.0.202111181127/tools/bin/../lib/gcc/arm-none-eabi/10.3.1/../../../../arm-none-eabi/lib/thumb/v7e-m+fp/hard/libc_nano.a(lib_a-memset.o)
 .ARM.attributes
                0x0000000000000587       0x34 /home/flooki/st/stm32cubeide_1.10.1/plugins/com.st.stm32cube.ide.mcu.externaltools.gnu-tools-for-stm32.10.3-2021.10.linux64_1.0.0.202111181127/tools/bin/../lib/gcc/arm-none-eabi/10.3.1/../../../../arm-none-eabi/lib/thumb/v7e-m+fp/hard/libc_nano.a(lib_a-realloc.o)
 .ARM.attributes
                0x00000000000005bb       0x34 /home/flooki/st/stm32cubeide_1.10.1/plugins/com.st.stm32cube.ide.mcu.externaltools.gnu-tools-for-stm32.10.3-2021.10.linux64_1.0.0.202111181127/tools/bin/../lib/gcc/arm-none-eabi/10.3.1/../../../../arm-none-eabi/lib/thumb/v7e-m+fp/hard/libc_nano.a(lib_a-signal.o)
 .ARM.attributes
                0x00000000000005ef       0x34 /home/flooki/st/stm32cubeide_1.10.1/plugins/com.st.stm32cube.ide.mcu.externaltools.gnu-tools-for-stm32.10.3-2021.10.linux64_1.0.0.202111181127/tools/bin/../lib/gcc/arm-none-eabi/10.3.1/../../../../arm-none-eabi/lib/thumb/v7e-m+fp/hard/libc_nano.a(lib_a-signalr.o)
 .ARM.attributes
                0x0000000000000623       0x17 /home/flooki/st/stm32cubeide_1.10.1/plugins/com.st.stm32cube.ide.mcu.externaltools.gnu-tools-for-stm32.10.3-2021.10.linux64_1.0.0.202111181127/tools/bin/../lib/gcc/arm-none-eabi/10.3.1/../../../../arm-none-eabi/lib/thumb/v7e-m+fp/hard/libc_nano.a(lib_a-strlen.o)
 .ARM.attributes
                0x000000000000063a       0x34 /home/flooki/st/stm32cubeide_1.10.1/plugins/com.st.stm32cube.ide.mcu.externaltools.gnu-tools-for-stm32.10.3-2021.10.linux64_1.0.0.202111181127/tools/bin/../lib/gcc/arm-none-eabi/10.3.1/../../../../arm-none-eabi/lib/thumb/v7e-m+fp/hard/libc_nano.a(lib_a-nano-mallocr.o)
 .ARM.attributes
                0x000000000000066e       0x34 /home/flooki/st/stm32cubeide_1.10.1/plugins/com.st.stm32cube.ide.mcu.externaltools.gnu-tools-for-stm32.10.3-2021.10.linux64_1.0.0.202111181127/tools/bin/../lib/gcc/arm-none-eabi/10.3.1/../../../../arm-none-eabi/lib/thumb/v7e-m+fp/hard/libc_nano.a(lib_a-nano-reallocr.o)
 .ARM.attributes
                0x00000000000006a2       0x34 /home/flooki/st/stm32cubeide_1.10.1/plugins/com.st.stm32cube.ide.mcu.externaltools.gnu-tools-for-stm32.10.3-2021.10.linux64_1.0.0.202111181127/tools/bin/../lib/gcc/arm-none-eabi/10.3.1/../../../../arm-none-eabi/lib/thumb/v7e-m+fp/hard/libc_nano.a(lib_a-reent.o)
 .ARM.attributes
                0x00000000000006d6       0x34 /home/flooki/st/stm32cubeide_1.10.1/plugins/com.st.stm32cube.ide.mcu.externaltools.gnu-tools-for-stm32.10.3-2021.10.linux64_1.0.0.202111181127/tools/bin/../lib/gcc/arm-none-eabi/10.3.1/../../../../arm-none-eabi/lib/thumb/v7e-m+fp/hard/libc_nano.a(lib_a-sbrkr.o)
 .ARM.attributes
                0x000000000000070a       0x34 /home/flooki/st/stm32cubeide_1.10.1/plugins/com.st.stm32cube.ide.mcu.externaltools.gnu-tools-for-stm32.10.3-2021.10.linux64_1.0.0.202111181127/tools/bin/../lib/gcc/arm-none-eabi/10.3.1/../../../../arm-none-eabi/lib/thumb/v7e-m+fp/hard/libc_nano.a(lib_a-mlock.o)
 .ARM.attributes
                0x000000000000073e       0x34 /home/flooki/st/stm32cubeide_1.10.1/plugins/com.st.stm32cube.ide.mcu.externaltools.gnu-tools-for-stm32.10.3-2021.10.linux64_1.0.0.202111181127/tools/bin/../lib/gcc/arm-none-eabi/10.3.1/../../../../arm-none-eabi/lib/thumb/v7e-m+fp/hard/libc_nano.a(lib_a-nano-freer.o)
 .ARM.attributes
                0x0000000000000772       0x34 /home/flooki/st/stm32cubeide_1.10.1/plugins/com.st.stm32cube.ide.mcu.externaltools.gnu-tools-for-stm32.10.3-2021.10.linux64_1.0.0.202111181127/tools/bin/../lib/gcc/arm-none-eabi/10.3.1/../../../../arm-none-eabi/lib/thumb/v7e-m+fp/hard/libc_nano.a(lib_a-nano-msizer.o)
 .ARM.attributes
                0x00000000000007a6       0x34 /home/flooki/st/stm32cubeide_1.10.1/plugins/com.st.stm32cube.ide.mcu.externaltools.gnu-tools-for-stm32.10.3-2021.10.linux64_1.0.0.202111181127/tools/bin/../lib/gcc/arm-none-eabi/10.3.1/../../../../arm-none-eabi/lib/thumb/v7e-m+fp/hard/libc_nano.a(lib_a-lock.o)
 .ARM.attributes
                0x00000000000007da       0x1e /home/flooki/st/stm32cubeide_1.10.1/plugins/com.st.stm32cube.ide.mcu.externaltools.gnu-tools-for-stm32.10.3-2021.10.linux64_1.0.0.202111181127/tools/bin/../lib/gcc/arm-none-eabi/10.3.1/thumb/v7e-m+fp/hard/libgcc.a(_aeabi_uldivmod.o)
 .ARM.attributes
                0x00000000000007f8       0x34 /home/flooki/st/stm32cubeide_1.10.1/plugins/com.st.stm32cube.ide.mcu.externaltools.gnu-tools-for-stm32.10.3-2021.10.linux64_1.0.0.202111181127/tools/bin/../lib/gcc/arm-none-eabi/10.3.1/thumb/v7e-m+fp/hard/libgcc.a(_udivmoddi4.o)
 .ARM.attributes
                0x000000000000082c       0x1e /home/flooki/st/stm32cubeide_1.10.1/plugins/com.st.stm32cube.ide.mcu.externaltools.gnu-tools-for-stm32.10.3-2021.10.linux64_1.0.0.202111181127/tools/bin/../lib/gcc/arm-none-eabi/10.3.1/thumb/v7e-m+fp/hard/libgcc.a(_dvmd_tls.o)
 .ARM.attributes
                0x000000000000084a       0x1e /home/flooki/st/stm32cubeide_1.10.1/plugins/com.st.stm32cube.ide.mcu.externaltools.gnu-tools-for-stm32.10.3-2021.10.linux64_1.0.0.202111181127/tools/bin/../lib/gcc/arm-none-eabi/10.3.1/thumb/v7e-m+fp/hard/crtn.o
OUTPUT(ROS_F410.elf elf32-littlearm)
LOAD linker stubs
LOAD /home/flooki/st/stm32cubeide_1.10.1/plugins/com.st.stm32cube.ide.mcu.externaltools.gnu-tools-for-stm32.10.3-2021.10.linux64_1.0.0.202111181127/tools/bin/../lib/gcc/arm-none-eabi/10.3.1/../../../../arm-none-eabi/lib/thumb/v7e-m+fp/hard/libc.a
LOAD /home/flooki/st/stm32cubeide_1.10.1/plugins/com.st.stm32cube.ide.mcu.externaltools.gnu-tools-for-stm32.10.3-2021.10.linux64_1.0.0.202111181127/tools/bin/../lib/gcc/arm-none-eabi/10.3.1/../../../../arm-none-eabi/lib/thumb/v7e-m+fp/hard/libm.a
LOAD /home/flooki/st/stm32cubeide_1.10.1/plugins/com.st.stm32cube.ide.mcu.externaltools.gnu-tools-for-stm32.10.3-2021.10.linux64_1.0.0.202111181127/tools/bin/../lib/gcc/arm-none-eabi/10.3.1/thumb/v7e-m+fp/hard/libgcc.a

.debug_info     0x0000000000000000    0x109ac
 .debug_info    0x0000000000000000      0xf2e ./Core/Src/main.o
 .debug_info    0x0000000000000f2e     0x5317 ./Core/Src/my_main.o
 .debug_info    0x0000000000006245      0x486 ./Core/Src/ringbuffer.o
 .debug_info    0x00000000000066cb      0xba3 ./Core/Src/stm32f4xx_hal_msp.o
 .debug_info    0x000000000000726e      0x641 ./Core/Src/stm32f4xx_it.o
 .debug_info    0x00000000000078af      0x6e0 ./Core/Src/syscalls.o
 .debug_info    0x0000000000007f8f      0x171 ./Core/Src/sysmem.o
 .debug_info    0x0000000000008100      0x509 ./Core/Src/system_stm32f4xx.o
 .debug_info    0x0000000000008609       0x22 ./Core/Startup/startup_stm32f410rbtx.o
 .debug_info    0x000000000000862b      0x8ae ./Drivers/STM32F4xx_HAL_Driver/Src/stm32f4xx_hal.o
 .debug_info    0x0000000000008ed9      0xd6d ./Drivers/STM32F4xx_HAL_Driver/Src/stm32f4xx_hal_cortex.o
 .debug_info    0x0000000000009c46      0x947 ./Drivers/STM32F4xx_HAL_Driver/Src/stm32f4xx_hal_dma.o
 .debug_info    0x000000000000a58d      0x76a ./Drivers/STM32F4xx_HAL_Driver/Src/stm32f4xx_hal_gpio.o
 .debug_info    0x000000000000acf7      0x959 ./Drivers/STM32F4xx_HAL_Driver/Src/stm32f4xx_hal_rcc.o
 .debug_info    0x000000000000b650      0x693 ./Drivers/STM32F4xx_HAL_Driver/Src/stm32f4xx_hal_rcc_ex.o
 .debug_info    0x000000000000bce3     0x31b4 ./Drivers/STM32F4xx_HAL_Driver/Src/stm32f4xx_hal_uart.o
 .debug_info    0x000000000000ee97     0x1b15 ./ros_lib/time.o

.debug_abbrev   0x0000000000000000     0x2747
 .debug_abbrev  0x0000000000000000      0x26e ./Core/Src/main.o
 .debug_abbrev  0x000000000000026e      0x8e3 ./Core/Src/my_main.o
 .debug_abbrev  0x0000000000000b51      0x19b ./Core/Src/ringbuffer.o
 .debug_abbrev  0x0000000000000cec      0x1f6 ./Core/Src/stm32f4xx_hal_msp.o
 .debug_abbrev  0x0000000000000ee2      0x1a6 ./Core/Src/stm32f4xx_it.o
 .debug_abbrev  0x0000000000001088      0x1b3 ./Core/Src/syscalls.o
 .debug_abbrev  0x000000000000123b       0xbb ./Core/Src/sysmem.o
 .debug_abbrev  0x00000000000012f6      0x116 ./Core/Src/system_stm32f4xx.o
 .debug_abbrev  0x000000000000140c       0x12 ./Core/Startup/startup_stm32f410rbtx.o
 .debug_abbrev  0x000000000000141e      0x23e ./Drivers/STM32F4xx_HAL_Driver/Src/stm32f4xx_hal.o
 .debug_abbrev  0x000000000000165c      0x316 ./Drivers/STM32F4xx_HAL_Driver/Src/stm32f4xx_hal_cortex.o
 .debug_abbrev  0x0000000000001972      0x21b ./Drivers/STM32F4xx_HAL_Driver/Src/stm32f4xx_hal_dma.o
 .debug_abbrev  0x0000000000001b8d      0x1c4 ./Drivers/STM32F4xx_HAL_Driver/Src/stm32f4xx_hal_gpio.o
 .debug_abbrev  0x0000000000001d51      0x2aa ./Drivers/STM32F4xx_HAL_Driver/Src/stm32f4xx_hal_rcc.o
 .debug_abbrev  0x0000000000001ffb      0x1d9 ./Drivers/STM32F4xx_HAL_Driver/Src/stm32f4xx_hal_rcc_ex.o
 .debug_abbrev  0x00000000000021d4      0x305 ./Drivers/STM32F4xx_HAL_Driver/Src/stm32f4xx_hal_uart.o
 .debug_abbrev  0x00000000000024d9      0x26e ./ros_lib/time.o

.debug_aranges  0x0000000000000000      0xa08
 .debug_aranges
                0x0000000000000000       0x48 ./Core/Src/main.o
 .debug_aranges
                0x0000000000000048      0x1d0 ./Core/Src/my_main.o
 .debug_aranges
                0x0000000000000218       0x70 ./Core/Src/ringbuffer.o
 .debug_aranges
                0x0000000000000288       0x30 ./Core/Src/stm32f4xx_hal_msp.o
 .debug_aranges
                0x00000000000002b8       0x38 ./Core/Src/stm32f4xx_it.o
 .debug_aranges
                0x00000000000002f0       0xa8 ./Core/Src/syscalls.o
 .debug_aranges
                0x0000000000000398       0x20 ./Core/Src/sysmem.o
 .debug_aranges
                0x00000000000003b8       0x28 ./Core/Src/system_stm32f4xx.o
 .debug_aranges
                0x00000000000003e0       0x28 ./Core/Startup/startup_stm32f410rbtx.o
 .debug_aranges
                0x0000000000000408       0xf0 ./Drivers/STM32F4xx_HAL_Driver/Src/stm32f4xx_hal.o
 .debug_aranges
                0x00000000000004f8      0x118 ./Drivers/STM32F4xx_HAL_Driver/Src/stm32f4xx_hal_cortex.o
 .debug_aranges
                0x0000000000000610       0x90 ./Drivers/STM32F4xx_HAL_Driver/Src/stm32f4xx_hal_dma.o
 .debug_aranges
                0x00000000000006a0       0x58 ./Drivers/STM32F4xx_HAL_Driver/Src/stm32f4xx_hal_gpio.o
 .debug_aranges
                0x00000000000006f8       0x88 ./Drivers/STM32F4xx_HAL_Driver/Src/stm32f4xx_hal_rcc.o
 .debug_aranges
                0x0000000000000780       0x50 ./Drivers/STM32F4xx_HAL_Driver/Src/stm32f4xx_hal_rcc_ex.o
 .debug_aranges
                0x00000000000007d0      0x200 ./Drivers/STM32F4xx_HAL_Driver/Src/stm32f4xx_hal_uart.o
 .debug_aranges
                0x00000000000009d0       0x38 ./ros_lib/time.o

.debug_ranges   0x0000000000000000      0x948
 .debug_ranges  0x0000000000000000       0x38 ./Core/Src/main.o
 .debug_ranges  0x0000000000000038      0x1d8 ./Core/Src/my_main.o
 .debug_ranges  0x0000000000000210       0x60 ./Core/Src/ringbuffer.o
 .debug_ranges  0x0000000000000270       0x20 ./Core/Src/stm32f4xx_hal_msp.o
 .debug_ranges  0x0000000000000290       0x28 ./Core/Src/stm32f4xx_it.o
 .debug_ranges  0x00000000000002b8       0x98 ./Core/Src/syscalls.o
 .debug_ranges  0x0000000000000350       0x10 ./Core/Src/sysmem.o
 .debug_ranges  0x0000000000000360       0x18 ./Core/Src/system_stm32f4xx.o
 .debug_ranges  0x0000000000000378       0x20 ./Core/Startup/startup_stm32f410rbtx.o
 .debug_ranges  0x0000000000000398       0xe0 ./Drivers/STM32F4xx_HAL_Driver/Src/stm32f4xx_hal.o
 .debug_ranges  0x0000000000000478      0x108 ./Drivers/STM32F4xx_HAL_Driver/Src/stm32f4xx_hal_cortex.o
 .debug_ranges  0x0000000000000580       0x80 ./Drivers/STM32F4xx_HAL_Driver/Src/stm32f4xx_hal_dma.o
 .debug_ranges  0x0000000000000600       0x48 ./Drivers/STM32F4xx_HAL_Driver/Src/stm32f4xx_hal_gpio.o
 .debug_ranges  0x0000000000000648       0x78 ./Drivers/STM32F4xx_HAL_Driver/Src/stm32f4xx_hal_rcc.o
 .debug_ranges  0x00000000000006c0       0x40 ./Drivers/STM32F4xx_HAL_Driver/Src/stm32f4xx_hal_rcc_ex.o
 .debug_ranges  0x0000000000000700      0x220 ./Drivers/STM32F4xx_HAL_Driver/Src/stm32f4xx_hal_uart.o
 .debug_ranges  0x0000000000000920       0x28 ./ros_lib/time.o

.debug_macro    0x0000000000000000    0x17b64
 .debug_macro   0x0000000000000000      0x1d3 ./Core/Src/main.o
 .debug_macro   0x00000000000001d3      0xb50 ./Core/Src/main.o
 .debug_macro   0x0000000000000d23      0x295 ./Core/Src/main.o
 .debug_macro   0x0000000000000fb8       0x2e ./Core/Src/main.o
 .debug_macro   0x0000000000000fe6       0x28 ./Core/Src/main.o
 .debug_macro   0x000000000000100e       0x1c ./Core/Src/main.o
 .debug_macro   0x000000000000102a       0x22 ./Core/Src/main.o
 .debug_macro   0x000000000000104c       0x8e ./Core/Src/main.o
 .debug_macro   0x00000000000010da       0x51 ./Core/Src/main.o
 .debug_macro   0x000000000000112b      0x103 ./Core/Src/main.o
 .debug_macro   0x000000000000122e       0x6a ./Core/Src/main.o
 .debug_macro   0x0000000000001298      0x1df ./Core/Src/main.o
 .debug_macro   0x0000000000001477       0x1c ./Core/Src/main.o
 .debug_macro   0x0000000000001493       0x22 ./Core/Src/main.o
 .debug_macro   0x00000000000014b5       0xd9 ./Core/Src/main.o
 .debug_macro   0x000000000000158e     0x102d ./Core/Src/main.o
 .debug_macro   0x00000000000025bb      0x11f ./Core/Src/main.o
 .debug_macro   0x00000000000026da     0x9ca4 ./Core/Src/main.o
 .debug_macro   0x000000000000c37e       0x6d ./Core/Src/main.o
 .debug_macro   0x000000000000c3eb     0x367e ./Core/Src/main.o
 .debug_macro   0x000000000000fa69      0x17b ./Core/Src/main.o
 .debug_macro   0x000000000000fbe4       0x5c ./Core/Src/main.o
 .debug_macro   0x000000000000fc40      0x39f ./Core/Src/main.o
 .debug_macro   0x000000000000ffdf      0x9fe ./Core/Src/main.o
 .debug_macro   0x00000000000109dd      0x115 ./Core/Src/main.o
 .debug_macro   0x0000000000010af2       0xc0 ./Core/Src/main.o
 .debug_macro   0x0000000000010bb2       0xa5 ./Core/Src/main.o
 .debug_macro   0x0000000000010c57      0x157 ./Core/Src/main.o
 .debug_macro   0x0000000000010dae      0x287 ./Core/Src/main.o
 .debug_macro   0x0000000000011035       0x5f ./Core/Src/main.o
 .debug_macro   0x0000000000011094      0x236 ./Core/Src/main.o
 .debug_macro   0x00000000000112ca      0x132 ./Core/Src/main.o
 .debug_macro   0x00000000000113fc      0x225 ./Core/Src/main.o
 .debug_macro   0x0000000000011621       0x2e ./Core/Src/main.o
 .debug_macro   0x000000000001164f      0x11a ./Core/Src/main.o
 .debug_macro   0x0000000000011769       0x91 ./Core/Src/main.o
 .debug_macro   0x00000000000117fa       0x89 ./Core/Src/main.o
 .debug_macro   0x0000000000011883      0x295 ./Core/Src/main.o
 .debug_macro   0x0000000000011b18      0x134 ./Core/Src/main.o
 .debug_macro   0x0000000000011c4c      0x427 ./Core/Src/my_main.o
 .debug_macro   0x0000000000012073       0x10 ./Core/Src/my_main.o
 .debug_macro   0x0000000000012083       0x52 ./Core/Src/my_main.o
 .debug_macro   0x00000000000120d5       0x1e ./Core/Src/my_main.o
 .debug_macro   0x00000000000120f3       0x3c ./Core/Src/my_main.o
 .debug_macro   0x000000000001212f       0x34 ./Core/Src/my_main.o
 .debug_macro   0x0000000000012163       0x16 ./Core/Src/my_main.o
 .debug_macro   0x0000000000012179       0x43 ./Core/Src/my_main.o
 .debug_macro   0x00000000000121bc       0x34 ./Core/Src/my_main.o
 .debug_macro   0x00000000000121f0       0x10 ./Core/Src/my_main.o
 .debug_macro   0x0000000000012200       0x58 ./Core/Src/my_main.o
 .debug_macro   0x0000000000012258       0x71 ./Core/Src/my_main.o
 .debug_macro   0x00000000000122c9       0x16 ./Core/Src/my_main.o
 .debug_macro   0x00000000000122df      0x12a ./Core/Src/my_main.o
 .debug_macro   0x0000000000012409      0x364 ./Core/Src/my_main.o
 .debug_macro   0x000000000001276d       0x10 ./Core/Src/my_main.o
 .debug_macro   0x000000000001277d       0x35 ./Core/Src/my_main.o
 .debug_macro   0x00000000000127b2       0x20 ./Core/Src/my_main.o
 .debug_macro   0x00000000000127d2      0x18a ./Core/Src/my_main.o
 .debug_macro   0x000000000001295c       0x10 ./Core/Src/my_main.o
 .debug_macro   0x000000000001296c      0x3d1 ./Core/Src/my_main.o
 .debug_macro   0x0000000000012d3d       0x10 ./Core/Src/my_main.o
 .debug_macro   0x0000000000012d4d       0x16 ./Core/Src/my_main.o
 .debug_macro   0x0000000000012d63       0x16 ./Core/Src/my_main.o
 .debug_macro   0x0000000000012d79       0x29 ./Core/Src/my_main.o
 .debug_macro   0x0000000000012da2       0x1c ./Core/Src/my_main.o
 .debug_macro   0x0000000000012dbe       0xde ./Core/Src/my_main.o
 .debug_macro   0x0000000000012e9c       0x18 ./Core/Src/my_main.o
 .debug_macro   0x0000000000012eb4      0x194 ./Core/Src/my_main.o
 .debug_macro   0x0000000000013048      0x3cd ./Core/Src/my_main.o
 .debug_macro   0x0000000000013415      0x29c ./Core/Src/ringbuffer.o
 .debug_macro   0x00000000000136b1      0x1c4 ./Core/Src/stm32f4xx_hal_msp.o
 .debug_macro   0x0000000000013875      0xa78 ./Core/Src/stm32f4xx_hal_msp.o
 .debug_macro   0x00000000000142ed     0x102d ./Core/Src/stm32f4xx_hal_msp.o
 .debug_macro   0x000000000001531a      0x174 ./Core/Src/stm32f4xx_hal_msp.o
 .debug_macro   0x000000000001548e      0x1d8 ./Core/Src/stm32f4xx_it.o
 .debug_macro   0x0000000000015666      0x24c ./Core/Src/syscalls.o
 .debug_macro   0x00000000000158b2       0x4c ./Core/Src/syscalls.o
 .debug_macro   0x00000000000158fe       0x94 ./Core/Src/syscalls.o
 .debug_macro   0x0000000000015992       0x34 ./Core/Src/syscalls.o
 .debug_macro   0x00000000000159c6       0x57 ./Core/Src/syscalls.o
 .debug_macro   0x0000000000015a1d      0x341 ./Core/Src/syscalls.o
 .debug_macro   0x0000000000015d5e       0x43 ./Core/Src/syscalls.o
 .debug_macro   0x0000000000015da1       0x1c ./Core/Src/syscalls.o
 .debug_macro   0x0000000000015dbd       0x10 ./Core/Src/syscalls.o
 .debug_macro   0x0000000000015dcd       0x35 ./Core/Src/syscalls.o
 .debug_macro   0x0000000000015e02       0x10 ./Core/Src/syscalls.o
 .debug_macro   0x0000000000015e12       0x10 ./Core/Src/syscalls.o
 .debug_macro   0x0000000000015e22       0x10 ./Core/Src/syscalls.o
 .debug_macro   0x0000000000015e32       0x1c ./Core/Src/syscalls.o
 .debug_macro   0x0000000000015e4e       0x52 ./Core/Src/syscalls.o
 .debug_macro   0x0000000000015ea0       0x22 ./Core/Src/syscalls.o
 .debug_macro   0x0000000000015ec2       0x10 ./Core/Src/syscalls.o
 .debug_macro   0x0000000000015ed2       0x52 ./Core/Src/syscalls.o
 .debug_macro   0x0000000000015f24       0xd5 ./Core/Src/syscalls.o
 .debug_macro   0x0000000000015ff9       0x1c ./Core/Src/syscalls.o
 .debug_macro   0x0000000000016015       0x3d ./Core/Src/syscalls.o
 .debug_macro   0x0000000000016052       0x35 ./Core/Src/syscalls.o
 .debug_macro   0x0000000000016087      0x12c ./Core/Src/syscalls.o
 .debug_macro   0x00000000000161b3       0x10 ./Core/Src/syscalls.o
 .debug_macro   0x00000000000161c3      0x241 ./Core/Src/syscalls.o
 .debug_macro   0x0000000000016404       0x1c ./Core/Src/syscalls.o
 .debug_macro   0x0000000000016420       0x10 ./Core/Src/syscalls.o
 .debug_macro   0x0000000000016430       0x10 ./Core/Src/syscalls.o
 .debug_macro   0x0000000000016440       0x16 ./Core/Src/syscalls.o
 .debug_macro   0x0000000000016456      0x145 ./Core/Src/syscalls.o
 .debug_macro   0x000000000001659b      0x189 ./Core/Src/syscalls.o
 .debug_macro   0x0000000000016724       0x16 ./Core/Src/syscalls.o
 .debug_macro   0x000000000001673a       0xce ./Core/Src/syscalls.o
 .debug_macro   0x0000000000016808       0xff ./Core/Src/sysmem.o
 .debug_macro   0x0000000000016907      0x23b ./Core/Src/sysmem.o
 .debug_macro   0x0000000000016b42      0x1ba ./Core/Src/system_stm32f4xx.o
 .debug_macro   0x0000000000016cfc      0x21a ./Drivers/STM32F4xx_HAL_Driver/Src/stm32f4xx_hal.o
 .debug_macro   0x0000000000016f16      0x1ba ./Drivers/STM32F4xx_HAL_Driver/Src/stm32f4xx_hal_cortex.o
 .debug_macro   0x00000000000170d0      0x1c0 ./Drivers/STM32F4xx_HAL_Driver/Src/stm32f4xx_hal_dma.o
 .debug_macro   0x0000000000017290      0x1c0 ./Drivers/STM32F4xx_HAL_Driver/Src/stm32f4xx_hal_gpio.o
 .debug_macro   0x0000000000017450      0x1de ./Drivers/STM32F4xx_HAL_Driver/Src/stm32f4xx_hal_rcc.o
 .debug_macro   0x000000000001762e      0x1ba ./Drivers/STM32F4xx_HAL_Driver/Src/stm32f4xx_hal_rcc_ex.o
 .debug_macro   0x00000000000177e8      0x1bb ./Drivers/STM32F4xx_HAL_Driver/Src/stm32f4xx_hal_uart.o
 .debug_macro   0x00000000000179a3      0x1c1 ./ros_lib/time.o

.debug_line     0x0000000000000000     0xd63d
 .debug_line    0x0000000000000000      0x7b3 ./Core/Src/main.o
 .debug_line    0x00000000000007b3     0x24d9 ./Core/Src/my_main.o
 .debug_line    0x0000000000002c8c      0xb74 ./Core/Src/ringbuffer.o
 .debug_line    0x0000000000003800      0x726 ./Core/Src/stm32f4xx_hal_msp.o
 .debug_line    0x0000000000003f26      0x6e9 ./Core/Src/stm32f4xx_it.o
 .debug_line    0x000000000000460f      0x7ef ./Core/Src/syscalls.o
 .debug_line    0x0000000000004dfe      0x4e5 ./Core/Src/sysmem.o
 .debug_line    0x00000000000052e3      0x708 ./Core/Src/system_stm32f4xx.o
 .debug_line    0x00000000000059eb       0x88 ./Core/Startup/startup_stm32f410rbtx.o
 .debug_line    0x0000000000005a73      0x96c ./Drivers/STM32F4xx_HAL_Driver/Src/stm32f4xx_hal.o
 .debug_line    0x00000000000063df      0xc1d ./Drivers/STM32F4xx_HAL_Driver/Src/stm32f4xx_hal_cortex.o
 .debug_line    0x0000000000006ffc      0xed2 ./Drivers/STM32F4xx_HAL_Driver/Src/stm32f4xx_hal_dma.o
 .debug_line    0x0000000000007ece      0xa7e ./Drivers/STM32F4xx_HAL_Driver/Src/stm32f4xx_hal_gpio.o
 .debug_line    0x000000000000894c      0xcf6 ./Drivers/STM32F4xx_HAL_Driver/Src/stm32f4xx_hal_rcc.o
 .debug_line    0x0000000000009642      0xc80 ./Drivers/STM32F4xx_HAL_Driver/Src/stm32f4xx_hal_rcc_ex.o
 .debug_line    0x000000000000a2c2     0x2a13 ./Drivers/STM32F4xx_HAL_Driver/Src/stm32f4xx_hal_uart.o
 .debug_line    0x000000000000ccd5      0x968 ./ros_lib/time.o

.debug_str      0x0000000000000000    0x7dd85
 .debug_str     0x0000000000000000    0x718f8 ./Core/Src/main.o
                                      0x71d93 (size before relaxing)
 .debug_str     0x00000000000718f8     0x805d ./Core/Src/my_main.o
                                      0x798f7 (size before relaxing)
 .debug_str     0x0000000000079955      0x247 ./Core/Src/ringbuffer.o
                                      0x74202 (size before relaxing)
 .debug_str     0x0000000000079b9c      0x29f ./Core/Src/stm32f4xx_hal_msp.o
                                      0x71545 (size before relaxing)
 .debug_str     0x0000000000079e3b       0xb2 ./Core/Src/stm32f4xx_it.o
                                      0x71035 (size before relaxing)
 .debug_str     0x0000000000079eed     0x26d8 ./Core/Src/syscalls.o
                                       0x8a5a (size before relaxing)
 .debug_str     0x000000000007c5c5       0x6b ./Core/Src/sysmem.o
                                       0x5d96 (size before relaxing)
 .debug_str     0x000000000007c630       0xdb ./Core/Src/system_stm32f4xx.o
                                      0x70cbb (size before relaxing)
 .debug_str     0x000000000007c70b       0x36 ./Core/Startup/startup_stm32f410rbtx.o
                                         0x58 (size before relaxing)
 .debug_str     0x000000000007c741      0x57b ./Drivers/STM32F4xx_HAL_Driver/Src/stm32f4xx_hal.o
                                      0x716b1 (size before relaxing)
 .debug_str     0x000000000007ccbc      0x31a ./Drivers/STM32F4xx_HAL_Driver/Src/stm32f4xx_hal_cortex.o
                                      0x71401 (size before relaxing)
 .debug_str     0x000000000007cfd6      0x2f9 ./Drivers/STM32F4xx_HAL_Driver/Src/stm32f4xx_hal_dma.o
                                      0x710f2 (size before relaxing)
 .debug_str     0x000000000007d2cf      0x10e ./Drivers/STM32F4xx_HAL_Driver/Src/stm32f4xx_hal_gpio.o
                                      0x70e3c (size before relaxing)
 .debug_str     0x000000000007d3dd      0x228 ./Drivers/STM32F4xx_HAL_Driver/Src/stm32f4xx_hal_rcc.o
                                      0x710f4 (size before relaxing)
 .debug_str     0x000000000007d605      0x17f ./Drivers/STM32F4xx_HAL_Driver/Src/stm32f4xx_hal_rcc_ex.o
                                      0x70f07 (size before relaxing)
 .debug_str     0x000000000007d784      0x5e3 ./Drivers/STM32F4xx_HAL_Driver/Src/stm32f4xx_hal_uart.o
                                      0x716ab (size before relaxing)
 .debug_str     0x000000000007dd67       0x1e ./ros_lib/time.o
                                       0xa163 (size before relaxing)

.comment        0x0000000000000000       0x50
 .comment       0x0000000000000000       0x50 ./Core/Src/main.o
                                         0x51 (size before relaxing)
 .comment       0x0000000000000050       0x51 ./Core/Src/my_main.o
 .comment       0x0000000000000050       0x51 ./Core/Src/ringbuffer.o
 .comment       0x0000000000000050       0x51 ./Core/Src/stm32f4xx_hal_msp.o
 .comment       0x0000000000000050       0x51 ./Core/Src/stm32f4xx_it.o
 .comment       0x0000000000000050       0x51 ./Core/Src/syscalls.o
 .comment       0x0000000000000050       0x51 ./Core/Src/sysmem.o
 .comment       0x0000000000000050       0x51 ./Core/Src/system_stm32f4xx.o
 .comment       0x0000000000000050       0x51 ./Drivers/STM32F4xx_HAL_Driver/Src/stm32f4xx_hal.o
 .comment       0x0000000000000050       0x51 ./Drivers/STM32F4xx_HAL_Driver/Src/stm32f4xx_hal_cortex.o
 .comment       0x0000000000000050       0x51 ./Drivers/STM32F4xx_HAL_Driver/Src/stm32f4xx_hal_dma.o
 .comment       0x0000000000000050       0x51 ./Drivers/STM32F4xx_HAL_Driver/Src/stm32f4xx_hal_gpio.o
 .comment       0x0000000000000050       0x51 ./Drivers/STM32F4xx_HAL_Driver/Src/stm32f4xx_hal_rcc.o
 .comment       0x0000000000000050       0x51 ./Drivers/STM32F4xx_HAL_Driver/Src/stm32f4xx_hal_rcc_ex.o
 .comment       0x0000000000000050       0x51 ./Drivers/STM32F4xx_HAL_Driver/Src/stm32f4xx_hal_uart.o
 .comment       0x0000000000000050       0x51 ./ros_lib/time.o

.debug_frame    0x0000000000000000     0x2cdc
 .debug_frame   0x0000000000000000       0xcc ./Core/Src/main.o
 .debug_frame   0x00000000000000cc      0x818 ./Core/Src/my_main.o
 .debug_frame   0x00000000000008e4      0x1bc ./Core/Src/ringbuffer.o
 .debug_frame   0x0000000000000aa0       0x7c ./Core/Src/stm32f4xx_hal_msp.o
 .debug_frame   0x0000000000000b1c       0x80 ./Core/Src/stm32f4xx_it.o
 .debug_frame   0x0000000000000b9c      0x2ac ./Core/Src/syscalls.o
 .debug_frame   0x0000000000000e48       0x34 ./Core/Src/sysmem.o
 .debug_frame   0x0000000000000e7c       0x58 ./Core/Src/system_stm32f4xx.o
 .debug_frame   0x0000000000000ed4      0x374 ./Drivers/STM32F4xx_HAL_Driver/Src/stm32f4xx_hal.o
 .debug_frame   0x0000000000001248      0x498 ./Drivers/STM32F4xx_HAL_Driver/Src/stm32f4xx_hal_cortex.o
 .debug_frame   0x00000000000016e0      0x250 ./Drivers/STM32F4xx_HAL_Driver/Src/stm32f4xx_hal_dma.o
 .debug_frame   0x0000000000001930      0x14c ./Drivers/STM32F4xx_HAL_Driver/Src/stm32f4xx_hal_gpio.o
 .debug_frame   0x0000000000001a7c      0x1f4 ./Drivers/STM32F4xx_HAL_Driver/Src/stm32f4xx_hal_rcc.o
 .debug_frame   0x0000000000001c70      0x120 ./Drivers/STM32F4xx_HAL_Driver/Src/stm32f4xx_hal_rcc_ex.o
 .debug_frame   0x0000000000001d90      0x92c ./Drivers/STM32F4xx_HAL_Driver/Src/stm32f4xx_hal_uart.o
 .debug_frame   0x00000000000026bc       0xa4 ./ros_lib/time.o
 .debug_frame   0x0000000000002760       0x40 /home/flooki/st/stm32cubeide_1.10.1/plugins/com.st.stm32cube.ide.mcu.externaltools.gnu-tools-for-stm32.10.3-2021.10.linux64_1.0.0.202111181127/tools/bin/../lib/gcc/arm-none-eabi/10.3.1/../../../../arm-none-eabi/lib/thumb/v7e-m+fp/hard/libstdc++_nano.a(pure.o)
 .debug_frame   0x00000000000027a0       0xb0 /home/flooki/st/stm32cubeide_1.10.1/plugins/com.st.stm32cube.ide.mcu.externaltools.gnu-tools-for-stm32.10.3-2021.10.linux64_1.0.0.202111181127/tools/bin/../lib/gcc/arm-none-eabi/10.3.1/../../../../arm-none-eabi/lib/thumb/v7e-m+fp/hard/libstdc++_nano.a(eh_terminate.o)
 .debug_frame   0x0000000000002850       0x28 /home/flooki/st/stm32cubeide_1.10.1/plugins/com.st.stm32cube.ide.mcu.externaltools.gnu-tools-for-stm32.10.3-2021.10.linux64_1.0.0.202111181127/tools/bin/../lib/gcc/arm-none-eabi/10.3.1/../../../../arm-none-eabi/lib/thumb/v7e-m+fp/hard/libc_nano.a(lib_a-abort.o)
 .debug_frame   0x0000000000002878       0x20 /home/flooki/st/stm32cubeide_1.10.1/plugins/com.st.stm32cube.ide.mcu.externaltools.gnu-tools-for-stm32.10.3-2021.10.linux64_1.0.0.202111181127/tools/bin/../lib/gcc/arm-none-eabi/10.3.1/../../../../arm-none-eabi/lib/thumb/v7e-m+fp/hard/libc_nano.a(lib_a-errno.o)
 .debug_frame   0x0000000000002898       0x2c /home/flooki/st/stm32cubeide_1.10.1/plugins/com.st.stm32cube.ide.mcu.externaltools.gnu-tools-for-stm32.10.3-2021.10.linux64_1.0.0.202111181127/tools/bin/../lib/gcc/arm-none-eabi/10.3.1/../../../../arm-none-eabi/lib/thumb/v7e-m+fp/hard/libc_nano.a(lib_a-init.o)