/home/flooki/STM32/ROS_F410/ros_lib/../ros_lib/ros/../../ros_lib/ros/msg.h:45:7:constexpr ros::Msg::Msg()	16	static
/home/flooki/STM32/ROS_F410/ros_lib/../ros_lib/ros/../../ros_lib/rosserial_msgs/Log.h:26:5:rosserial_msgs::Log::Log()	16	static
/home/flooki/STM32/ROS_F410/ros_lib/../ros_lib/ros/../../ros_lib/rosserial_msgs/Log.h:32:17:virtual int rosserial_msgs::Log::serialize(unsigned char*) const	24	static
/home/flooki/STM32/ROS_F410/ros_lib/../ros_lib/ros/../../ros_lib/rosserial_msgs/Log.h:45:17:virtual int rosserial_msgs::Log::deserialize(unsigned char*)	32	static
/home/flooki/STM32/ROS_F410/ros_lib/../ros_lib/ros/../../ros_lib/rosserial_msgs/Log.h:62:18:virtual const char* rosserial_msgs::Log::getType()	16	static
/home/flooki/STM32/ROS_F410/ros_lib/../ros_lib/ros/../../ros_lib/rosserial_msgs/Log.h:63:18:virtual const char* rosserial_msgs::Log::getMD5()	16	static
/home/flooki/STM32/ROS_F410/ros_lib/../ros_lib/ros/../../ros_lib/rosserial_msgs/RequestParam.h:72:5:rosserial_msgs::RequestParamResponse::RequestParamResponse()	16	static
/home/flooki/STM32/ROS_F410/ros_lib/../ros_lib/ros/../../ros_lib/rosserial_msgs/RequestParam.h:79:17:virtual int rosserial_msgs::RequestParamResponse::serialize(unsigned char*) const	48	static
/home/flooki/STM32/ROS_F410/ros_lib/../ros_lib/ros/../../ros_lib/rosserial_msgs/RequestParam.h:131:17:virtual int rosserial_msgs::RequestParamResponse::deserialize(unsigned char*)	64	static
/home/flooki/STM32/ROS_F410/ros_lib/../ros_lib/ros/../../ros_lib/rosserial_msgs/RequestParam.h:201:18:virtual const char* rosserial_msgs::RequestParamResponse::getType()	16	static
/home/flooki/STM32/ROS_F410/ros_lib/../ros_lib/ros/../../ros_lib/rosserial_msgs/RequestParam.h:202:18:virtual const char* rosserial_msgs::RequestParamResponse::getMD5()	16	static
/home/flooki/STM32/ROS_F410/ros_lib/../ros_lib/ros/../../ros_lib/rosserial_msgs/TopicInfo.h:35:5:rosserial_msgs::TopicInfo::TopicInfo()	16	static
/home/flooki/STM32/ROS_F410/ros_lib/../ros_lib/ros/../../ros_lib/rosserial_msgs/TopicInfo.h:44:17:virtual int rosserial_msgs::TopicInfo::serialize(unsigned char*) const	40	static
/home/flooki/STM32/ROS_F410/ros_lib/../ros_lib/ros/../../ros_lib/rosserial_msgs/TopicInfo.h:78:17:virtual int rosserial_msgs::TopicInfo::deserialize(unsigned char*)	48	static
/home/flooki/STM32/ROS_F410/ros_lib/../ros_lib/ros/../../ros_lib/rosserial_msgs/TopicInfo.h:125:18:virtual const char* rosserial_msgs::TopicInfo::getType()	16	static
/home/flooki/STM32/ROS_F410/ros_lib/../ros_lib/ros/../../ros_lib/rosserial_msgs/TopicInfo.h:126:18:virtual const char* rosserial_msgs::TopicInfo::getMD5()	16	static
/home/flooki/STM32/ROS_F410/ros_lib/../ros_lib/ros/../../ros_lib/std_msgs/../../ros_lib/ros/time.h:51:3:ros::Time::Time()	16	static
/home/flooki/STM32/ROS_F410/ros_lib/../ros_lib/ros/../../ros_lib/std_msgs/Time.h:20:5:std_msgs::Time::Time()	16	static
/home/flooki/STM32/ROS_F410/ros_lib/../ros_lib/ros/../../ros_lib/std_msgs/Time.h:25:17:virtual int std_msgs::Time::serialize(unsigned char*) const	24	static
/home/flooki/STM32/ROS_F410/ros_lib/../ros_lib/ros/../../ros_lib/std_msgs/Time.h:41:17:virtual int std_msgs::Time::deserialize(unsigned char*)	24	static
/home/flooki/STM32/ROS_F410/ros_lib/../ros_lib/ros/../../ros_lib/std_msgs/Time.h:57:18:virtual const char* std_msgs::Time::getType()	16	static
/home/flooki/STM32/ROS_F410/ros_lib/../ros_lib/ros/../../ros_lib/std_msgs/Time.h:58:18:virtual const char* std_msgs::Time::getMD5()	16	static
/home/flooki/STM32/ROS_F410/ros_lib/../ros_lib/ros/../../ros_lib/ros/publisher.h:48:3:ros::Publisher::Publisher(const char*, ros::Msg*, int)	24	static
/home/flooki/STM32/ROS_F410/ros_lib/../ros_lib/ros/../../ros_lib/ros/publisher.h:53:7:int ros::Publisher::publish(const ros::Msg*)	16	static
/home/flooki/STM32/ROS_F410/ros_lib/../ros_lib/ros/../../ros_lib/ros/publisher.h:57:7:int ros::Publisher::getEndpointType()	16	static
/home/flooki/STM32/ROS_F410/ros_lib/../ros_lib/STM32Hardware.h:17:2:STM32Hardware::STM32Hardware()	16	static
/home/flooki/STM32/ROS_F410/ros_lib/../ros_lib/STM32Hardware.h:20:7:void STM32Hardware::init()	16	static
/home/flooki/STM32/ROS_F410/ros_lib/../ros_lib/STM32Hardware.h:25:6:int STM32Hardware::read()	24	static
/home/flooki/STM32/ROS_F410/ros_lib/../ros_lib/STM32Hardware.h:41:7:void STM32Hardware::write(uint8_t*, int)	24	static
/home/flooki/STM32/ROS_F410/ros_lib/../ros_lib/STM32Hardware.h:47:16:long unsigned int STM32Hardware::time()	16	static
/home/flooki/STM32/ROS_F410/ros_lib/std_msgs/String.h:19:5:std_msgs::String::String()	16	static
/home/flooki/STM32/ROS_F410/ros_lib/std_msgs/String.h:24:17:virtual int std_msgs::String::serialize(unsigned char*) const	24	static
/home/flooki/STM32/ROS_F410/ros_lib/std_msgs/String.h:35:17:virtual int std_msgs::String::deserialize(unsigned char*)	32	static
/home/flooki/STM32/ROS_F410/ros_lib/std_msgs/String.h:50:18:virtual const char* std_msgs::String::getType()	16	static
/home/flooki/STM32/ROS_F410/ros_lib/std_msgs/String.h:51:18:virtual const char* std_msgs::String::getMD5()	16	static
../Core/Src/my_main.cpp:34:17:void USART_RX_Callback()	8	static
../Core/Src/my_main.cpp:41:6:void setup()	8	static
../Core/Src/my_main.cpp:51:6:void loop()	8	static
/home/flooki/STM32/ROS_F410/ros_lib/../ros_lib/ros/../../ros_lib/ros/msg.h:129:15:static void ros::Msg::varToArr(A, V) [with A = unsigned char*; V = long unsigned int]	24	static
/home/flooki/STM32/ROS_F410/ros_lib/../ros_lib/ros/../../ros_lib/ros/msg.h:137:15:static void ros::Msg::arrToVar(V&, A) [with V = long unsigned int; A = unsigned char*]	24	static
/home/flooki/STM32/ROS_F410/ros_lib/../ros_lib/ros/node_handle.h:49:7:constexpr ros::NodeHandleBase_::NodeHandleBase_()	16	static
/home/flooki/STM32/ROS_F410/ros_lib/../ros_lib/ros/node_handle.h:127:3:ros::NodeHandle_<Hardware, MAX_SUBSCRIBERS, MAX_PUBLISHERS, INPUT_SIZE, OUTPUT_SIZE>::NodeHandle_() [with Hardware = STM32Hardware; int MAX_SUBSCRIBERS = 25; int MAX_PUBLISHERS = 25; int INPUT_SIZE = 512; int OUTPUT_SIZE = 512]	32	static
/home/flooki/STM32/ROS_F410/ros_lib/../ros_lib/ros/node_handle.h:158:8:void ros::NodeHandle_<Hardware, MAX_SUBSCRIBERS, MAX_PUBLISHERS, INPUT_SIZE, OUTPUT_SIZE>::initNode() [with Hardware = STM32Hardware; int MAX_SUBSCRIBERS = 25; int MAX_PUBLISHERS = 25; int INPUT_SIZE = 512; int OUTPUT_SIZE = 512]	16	static
/home/flooki/STM32/ROS_F410/ros_lib/../ros_lib/ros/node_handle.h:414:8:bool ros::NodeHandle_<Hardware, MAX_SUBSCRIBERS, MAX_PUBLISHERS, INPUT_SIZE, OUTPUT_SIZE>::advertise(ros::Publisher&) [with Hardware = STM32Hardware; int MAX_SUBSCRIBERS = 25; int MAX_PUBLISHERS = 25; int INPUT_SIZE = 512; int OUTPUT_SIZE = 512]	24	static
/home/flooki/STM32/ROS_F410/ros_lib/../ros_lib/ros/node_handle.h:211:15:int ros::NodeHandle_<Hardware, MAX_SUBSCRIBERS, MAX_PUBLISHERS, INPUT_SIZE, OUTPUT_SIZE>::spinOnce() [with Hardware = STM32Hardware; int MAX_SUBSCRIBERS = 25; int MAX_PUBLISHERS = 25; int INPUT_SIZE = 512; int OUTPUT_SIZE = 512]	24	static
/home/flooki/STM32/ROS_F410/ros_lib/../ros_lib/ros/node_handle.h:371:8:void ros::NodeHandle_<Hardware, MAX_SUBSCRIBERS, MAX_PUBLISHERS, INPUT_SIZE, OUTPUT_SIZE>::requestSyncTime() [with Hardware = STM32Hardware; int MAX_SUBSCRIBERS = 25; int MAX_PUBLISHERS = 25; int INPUT_SIZE = 512; int OUTPUT_SIZE = 512]	32	static
/home/flooki/STM32/ROS_F410/ros_lib/../ros_lib/ros/node_handle.h:479:8:void ros::NodeHandle_<Hardware, MAX_SUBSCRIBERS, MAX_PUBLISHERS, INPUT_SIZE, OUTPUT_SIZE>::negotiateTopics() [with Hardware = STM32Hardware; int MAX_SUBSCRIBERS = 25; int MAX_PUBLISHERS = 25; int INPUT_SIZE = 512; int OUTPUT_SIZE = 512]	56	static
/home/flooki/STM32/ROS_F410/ros_lib/../ros_lib/ros/node_handle.h:378:8:void ros::NodeHandle_<Hardware, MAX_SUBSCRIBERS, MAX_PUBLISHERS, INPUT_SIZE, OUTPUT_SIZE>::syncTime(uint8_t*) [with Hardware = STM32Hardware; int MAX_SUBSCRIBERS = 25; int MAX_PUBLISHERS = 25; int INPUT_SIZE = 512; int OUTPUT_SIZE = 512]	32	static
/home/flooki/STM32/ROS_F410/ros_lib/../ros_lib/ros/node_handle.h:510:15:int ros::NodeHandle_<Hardware, MAX_SUBSCRIBERS, MAX_PUBLISHERS, INPUT_SIZE, OUTPUT_SIZE>::publish(int, const ros::Msg*) [with Hardware = STM32Hardware; int MAX_SUBSCRIBERS = 25; int MAX_PUBLISHERS = 25; int INPUT_SIZE = 512; int OUTPUT_SIZE = 512]	40	static
/home/flooki/STM32/ROS_F410/ros_lib/../ros_lib/ros/node_handle.h:401:8:void ros::NodeHandle_<Hardware, MAX_SUBSCRIBERS, MAX_PUBLISHERS, INPUT_SIZE, OUTPUT_SIZE>::setNow(ros::Time&) [with Hardware = STM32Hardware; int MAX_SUBSCRIBERS = 25; int MAX_PUBLISHERS = 25; int INPUT_SIZE = 512; int OUTPUT_SIZE = 512]	24	static
/home/flooki/STM32/ROS_F410/ros_lib/../ros_lib/ros/node_handle.h:572:8:void ros::NodeHandle_<Hardware, MAX_SUBSCRIBERS, MAX_PUBLISHERS, INPUT_SIZE, OUTPUT_SIZE>::logerror(const char*) [with Hardware = STM32Hardware; int MAX_SUBSCRIBERS = 25; int MAX_PUBLISHERS = 25; int INPUT_SIZE = 512; int OUTPUT_SIZE = 512]	16	static
/home/flooki/STM32/ROS_F410/ros_lib/../ros_lib/ros/node_handle.h:551:8:void ros::NodeHandle_<Hardware, MAX_SUBSCRIBERS, MAX_PUBLISHERS, INPUT_SIZE, OUTPUT_SIZE>::log(char, const char*) [with Hardware = STM32Hardware; int MAX_SUBSCRIBERS = 25; int MAX_PUBLISHERS = 25; int INPUT_SIZE = 512; int OUTPUT_SIZE = 512]	40	static
../Core/Src/my_main.cpp:61:1:void __static_initialization_and_destruction_0(int, int)	16	static
/home/flooki/STM32/ROS_F410/ros_lib/../ros_lib/ros/node_handle.h:362:16:bool ros::NodeHandle_<Hardware, MAX_SUBSCRIBERS, MAX_PUBLISHERS, INPUT_SIZE, OUTPUT_SIZE>::connected() [with Hardware = STM32Hardware; int MAX_SUBSCRIBERS = 25; int MAX_PUBLISHERS = 25; int INPUT_SIZE = 512; int OUTPUT_SIZE = 512]	16	static
../Core/Src/my_main.cpp:61:1:cpp)	8	static
